
======================================================================
python : --- Logging error in Loguru Handler #1 ---
строка:1 знак:1
+ python test_v4_full_structure.py > test_output.txt 2>&1; Get-Content  ...
+ ~~~~~~~~~~~~~~~~~~~~~~~~~~~~~~~~~~~~~~~~~~~~~~~~~~~~~~~
    + CategoryInfo          : NotSpecified: (--- Logging err... Handler #1 ---:String) [], RemoteException
    + FullyQualifiedErrorId : NativeCommandError
 
Record was: {'elapsed': datetime.timedelta(microseconds=3086), 'exception': None, 'extra': {}, 'file': (name='test_v4_full_structure.py', path='F:\\AgeeKey\\yun_min\\test_v4_full_structure.py'), 'function': '<module>', 'level': (name='INFO'
, no=20, icon='\u2139\ufe0f'), 'line': 458, 'message': '\U0001f680 ╧╬╦═└▀ ┬└╦╚─└╓╚▀ V4 └╨╒╚╥┼╩╥╙╨█', 'module': 'test_v4_full_structure', 'name': '__main__', 'process': (id=3128, name='MainProcess'), 'thread': (id=5532, name='MainThread'), '
time': datetime(2025, 11, 9, 17, 10, 28, 119179, tzinfo=datetime.timezone(datetime.timedelta(seconds=21600), '╓хэЄЁры№эр  └чш  (чшьр)'))}
Traceback (most recent call last):
  File "C:\Users\iclou\AppData\Local\Programs\Python\Python313\Lib\site-packages\loguru\_handler.py", line 206, in emit
    self._sink.write(str_record)
    ~~~~~~~~~~~~~~~~^^^^^^^^^^^^
  File "C:\Users\iclou\AppData\Local\Programs\Python\Python313\Lib\site-packages\loguru\_simple_sinks.py", line 16, in write
    self._stream.write(message)
    ~~~~~~~~~~~~~~~~~~^^^^^^^^^
  File "C:\Users\iclou\AppData\Local\Programs\Python\Python313\Lib\encodings\cp1251.py", line 19, in encode
    return codecs.charmap_encode(input,self.errors,encoding_table)[0]
           ~~~~~~~~~~~~~~~~~~~~~^^^^^^^^^^^^^^^^^^^^^^^^^^^^^^^^^^
UnicodeEncodeError: 'charmap' codec can't encode character '\U0001f680' in position 0: character maps to <undefined>
--- End of logging error ---
======================================================================
--- Logging error in Loguru Handler #1 ---
Record was: {'elapsed': datetime.timedelta(microseconds=5401), 'exception': None, 'extra': {}, 'file': (name='test_v4_full_structure.py', path='F:\\AgeeKey\\yun_min\\test_v4_full_structure.py'), 'function': '<module>', 'level': (name='INFO'
, no=20, icon='\u2139\ufe0f'), 'line': 462, 'message': '\n\U0001f916 1. AI AGENTS', 'module': 'test_v4_full_structure', 'name': '__main__', 'process': (id=3128, name='MainProcess'), 'thread': (id=5532, name='MainThread'), 'time': datetime(2
025, 11, 9, 17, 10, 28, 121494, tzinfo=datetime.timezone(datetime.timedelta(seconds=21600), '╓хэЄЁры№эр  └чш  (чшьр)'))}
Traceback (most recent call last):
  File "C:\Users\iclou\AppData\Local\Programs\Python\Python313\Lib\site-packages\loguru\_handler.py", line 206, in emit
    self._sink.write(str_record)
    ~~~~~~~~~~~~~~~~^^^^^^^^^^^^
  File "C:\Users\iclou\AppData\Local\Programs\Python\Python313\Lib\site-packages\loguru\_simple_sinks.py", line 16, in write
    self._stream.write(message)
    ~~~~~~~~~~~~~~~~~~^^^^^^^^^
  File "C:\Users\iclou\AppData\Local\Programs\Python\Python313\Lib\encodings\cp1251.py", line 19, in encode
    return codecs.charmap_encode(input,self.errors,encoding_table)[0]
           ~~~~~~~~~~~~~~~~~~~~~^^^^^^^^^^^^^^^^^^^^^^^^^^^^^^^^^^
UnicodeEncodeError: 'charmap' codec can't encode character '\U0001f916' in position 2: character maps to <undefined>
--- End of logging error ---

======================================================================
╥хёЄ 1: Market Analyst
======================================================================
--- Logging error in Loguru Handler #1 ---
Record was: {'elapsed': datetime.timedelta(microseconds=670881), 'exception': None, 'extra': {}, 'file': (name='vector_store.py', path='F:\\AgeeKey\\yun_min\\yunmin\\memory\\vector_store.py'), 'function': '__init__', 'level': (name='INFO', 
no=20, icon='\u2139\ufe0f'), 'line': 52, 'message': '\u2705 FAISS vector store initialized (dim=384)', 'module': 'vector_store', 'name': 'yunmin.memory.vector_store', 'process': (id=3128, name='MainProcess'), 'thread': (id=5532, name='MainT
hread'), 'time': datetime(2025, 11, 9, 17, 10, 28, 786974, tzinfo=datetime.timezone(datetime.timedelta(seconds=21600), '╓хэЄЁры№эр  └чш  (чшьр)'))}
Traceback (most recent call last):
  File "C:\Users\iclou\AppData\Local\Programs\Python\Python313\Lib\site-packages\loguru\_handler.py", line 206, in emit
    self._sink.write(str_record)
    ~~~~~~~~~~~~~~~~^^^^^^^^^^^^
  File "C:\Users\iclou\AppData\Local\Programs\Python\Python313\Lib\site-packages\loguru\_simple_sinks.py", line 16, in write
    self._stream.write(message)
    ~~~~~~~~~~~~~~~~~~^^^^^^^^^
  File "C:\Users\iclou\AppData\Local\Programs\Python\Python313\Lib\encodings\cp1251.py", line 19, in encode
    return codecs.charmap_encode(input,self.errors,encoding_table)[0]
           ~~~~~~~~~~~~~~~~~~~~~^^^^^^^^^^^^^^^^^^^^^^^^^^^^^^^^^^
UnicodeEncodeError: 'charmap' codec can't encode character '\u2705' in position 0: character maps to <undefined>
--- End of logging error ---
No existing vector store found, starting fresh
--- Logging error in Loguru Handler #1 ---
Record was: {'elapsed': datetime.timedelta(microseconds=672342), 'exception': None, 'extra': {}, 'file': (name='trade_history.py', path='F:\\AgeeKey\\yun_min\\yunmin\\memory\\trade_history.py'), 'function': '__init__', 'level': (name='INFO'
, no=20, icon='\u2139\ufe0f'), 'line': 42, 'message': '\U0001f4da Trade history initialized with simple embeddings', 'module': 'trade_history', 'name': 'yunmin.memory.trade_history', 'process': (id=3128, name='MainProcess'), 'thread': (id=5
532, name='MainThread'), 'time': datetime(2025, 11, 9, 17, 10, 28, 788435, tzinfo=datetime.timezone(datetime.timedelta(seconds=21600), '╓хэЄЁры№эр  └чш  (чшьр)'))}
Traceback (most recent call last):
  File "C:\Users\iclou\AppData\Local\Programs\Python\Python313\Lib\site-packages\loguru\_handler.py", line 206, in emit
    self._sink.write(str_record)
    ~~~~~~~~~~~~~~~~^^^^^^^^^^^^
  File "C:\Users\iclou\AppData\Local\Programs\Python\Python313\Lib\site-packages\loguru\_simple_sinks.py", line 16, in write
    self._stream.write(message)
    ~~~~~~~~~~~~~~~~~~^^^^^^^^^
  File "C:\Users\iclou\AppData\Local\Programs\Python\Python313\Lib\encodings\cp1251.py", line 19, in encode
    return codecs.charmap_encode(input,self.errors,encoding_table)[0]
           ~~~~~~~~~~~~~~~~~~~~~^^^^^^^^^^^^^^^^^^^^^^^^^^^^^^^^^^
UnicodeEncodeError: 'charmap' codec can't encode character '\U0001f4da' in position 0: character maps to <undefined>
--- End of logging error ---
--- Logging error in Loguru Handler #1 ---
Record was: {'elapsed': datetime.timedelta(microseconds=673437), 'exception': None, 'extra': {}, 'file': (name='market_analyst.py', path='F:\\AgeeKey\\yun_min\\yunmin\\agents\\market_analyst.py'), 'function': '__init__', 'level': (name='INF
O', no=20, icon='\u2139\ufe0f'), 'line': 51, 'message': '\U0001f916 Market Analyst Agent initialized with gpt-4o-mini', 'module': 'market_analyst', 'name': 'yunmin.agents.market_analyst', 'process': (id=3128, name='MainProcess'), 'thread': 
(id=5532, name='MainThread'), 'time': datetime(2025, 11, 9, 17, 10, 28, 789530, tzinfo=datetime.timezone(datetime.timedelta(seconds=21600), '╓хэЄЁры№эр  └чш  (чшьр)'))}
Traceback (most recent call last):
  File "C:\Users\iclou\AppData\Local\Programs\Python\Python313\Lib\site-packages\loguru\_handler.py", line 206, in emit
    self._sink.write(str_record)
    ~~~~~~~~~~~~~~~~^^^^^^^^^^^^
  File "C:\Users\iclou\AppData\Local\Programs\Python\Python313\Lib\site-packages\loguru\_simple_sinks.py", line 16, in write
    self._stream.write(message)
    ~~~~~~~~~~~~~~~~~~^^^^^^^^^
  File "C:\Users\iclou\AppData\Local\Programs\Python\Python313\Lib\encodings\cp1251.py", line 19, in encode
    return codecs.charmap_encode(input,self.errors,encoding_table)[0]
           ~~~~~~~~~~~~~~~~~~~~~^^^^^^^^^^^^^^^^^^^^^^^^^^^^^^^^^^
UnicodeEncodeError: 'charmap' codec can't encode character '\U0001f916' in position 0: character maps to <undefined>
--- End of logging error ---
--- Logging error in Loguru Handler #1 ---
Record was: {'elapsed': datetime.timedelta(microseconds=675434), 'exception': None, 'extra': {}, 'file': (name='market_analyst.py', path='F:\\AgeeKey\\yun_min\\yunmin\\agents\\market_analyst.py'), 'function': 'analyze', 'level': (name='INFO
', no=20, icon='\u2139\ufe0f'), 'line': 68, 'message': '\U0001f50d Starting market analysis...', 'module': 'market_analyst', 'name': 'yunmin.agents.market_analyst', 'process': (id=3128, name='MainProcess'), 'thread': (id=5532, name='MainThr
ead'), 'time': datetime(2025, 11, 9, 17, 10, 28, 791527, tzinfo=datetime.timezone(datetime.timedelta(seconds=21600), '╓хэЄЁры№эр  └чш  (чшьр)'))}
Traceback (most recent call last):
  File "C:\Users\iclou\AppData\Local\Programs\Python\Python313\Lib\site-packages\loguru\_handler.py", line 206, in emit
    self._sink.write(str_record)
    ~~~~~~~~~~~~~~~~^^^^^^^^^^^^
  File "C:\Users\iclou\AppData\Local\Programs\Python\Python313\Lib\site-packages\loguru\_simple_sinks.py", line 16, in write
    self._stream.write(message)
    ~~~~~~~~~~~~~~~~~~^^^^^^^^^
  File "C:\Users\iclou\AppData\Local\Programs\Python\Python313\Lib\encodings\cp1251.py", line 19, in encode
    return codecs.charmap_encode(input,self.errors,encoding_table)[0]
           ~~~~~~~~~~~~~~~~~~~~~^^^^^^^^^^^^^^^^^^^^^^^^^^^^^^^^^^
UnicodeEncodeError: 'charmap' codec can't encode character '\U0001f50d' in position 0: character maps to <undefined>
--- End of logging error ---
--- Logging error in Loguru Handler #1 ---
Record was: {'elapsed': datetime.timedelta(microseconds=676186), 'exception': None, 'extra': {}, 'file': (name='market_analyst.py', path='F:\\AgeeKey\\yun_min\\yunmin\\agents\\market_analyst.py'), 'function': 'analyze', 'level': (name='INFO
', no=20, icon='\u2139\ufe0f'), 'line': 103, 'message': '\u2705 Analysis complete: HOLD (confidence: 0.50)', 'module': 'market_analyst', 'name': 'yunmin.agents.market_analyst', 'process': (id=3128, name='MainProcess'), 'thread': (id=5532, n
ame='MainThread'), 'time': datetime(2025, 11, 9, 17, 10, 28, 792279, tzinfo=datetime.timezone(datetime.timedelta(seconds=21600), '╓хэЄЁры№эр  └чш  (чшьр)'))}
Traceback (most recent call last):
  File "C:\Users\iclou\AppData\Local\Programs\Python\Python313\Lib\site-packages\loguru\_handler.py", line 206, in emit
    self._sink.write(str_record)
    ~~~~~~~~~~~~~~~~^^^^^^^^^^^^
  File "C:\Users\iclou\AppData\Local\Programs\Python\Python313\Lib\site-packages\loguru\_simple_sinks.py", line 16, in write
    self._stream.write(message)
    ~~~~~~~~~~~~~~~~~~^^^^^^^^^
  File "C:\Users\iclou\AppData\Local\Programs\Python\Python313\Lib\encodings\cp1251.py", line 19, in encode
    return codecs.charmap_encode(input,self.errors,encoding_table)[0]
           ~~~~~~~~~~~~~~~~~~~~~^^^^^^^^^^^^^^^^^^^^^^^^^^^^^^^^^^
UnicodeEncodeError: 'charmap' codec can't encode character '\u2705' in position 0: character maps to <undefined>
--- End of logging error ---
--- Logging error in Loguru Handler #1 ---
Record was: {'elapsed': datetime.timedelta(microseconds=677213), 'exception': None, 'extra': {}, 'file': (name='test_v4_full_structure.py', path='F:\\AgeeKey\\yun_min\\test_v4_full_structure.py'), 'function': 'test_component', 'level': (nam
e='ERROR', no=40, icon='\u274c'), 'line': 37, 'message': '\u274c Market Analyst - ╬╪╚┴╩└', 'module': 'test_v4_full_structure', 'name': '__main__', 'process': (id=3128, name='MainProcess'), 'thread': (id=5532, name='MainThread'), 'time': dat
etime(2025, 11, 9, 17, 10, 28, 793306, tzinfo=datetime.timezone(datetime.timedelta(seconds=21600), '╓хэЄЁры№эр  └чш  (чшьр)'))}
Traceback (most recent call last):
  File "F:\AgeeKey\yun_min\test_v4_full_structure.py", line 32, in test_component
    test_func()
    ~~~~~~~~~^^
  File "F:\AgeeKey\yun_min\test_v4_full_structure.py", line 72, in test_market_analyst
    assert 'reasoning' in analysis
           ^^^^^^^^^^^^^^^^^^^^^^^
AssertionError

During handling of the above exception, another exception occurred:

Traceback (most recent call last):
  File "C:\Users\iclou\AppData\Local\Programs\Python\Python313\Lib\site-packages\loguru\_handler.py", line 206, in emit
    self._sink.write(str_record)
    ~~~~~~~~~~~~~~~~^^^^^^^^^^^^
  File "C:\Users\iclou\AppData\Local\Programs\Python\Python313\Lib\site-packages\loguru\_simple_sinks.py", line 16, in write
    self._stream.write(message)
    ~~~~~~~~~~~~~~~~~~^^^^^^^^^
  File "C:\Users\iclou\AppData\Local\Programs\Python\Python313\Lib\encodings\cp1251.py", line 19, in encode
    return codecs.charmap_encode(input,self.errors,encoding_table)[0]
           ~~~~~~~~~~~~~~~~~~~~~^^^^^^^^^^^^^^^^^^^^^^^^^^^^^^^^^^
UnicodeEncodeError: 'charmap' codec can't encode character '\u274c' in position 0: character maps to <undefined>
--- End of logging error ---
   

======================================================================
╥хёЄ 2: Risk Assessor
======================================================================
--- Logging error in Loguru Handler #1 ---
Record was: {'elapsed': datetime.timedelta(microseconds=690967), 'exception': None, 'extra': {}, 'file': (name='risk_assessor.py', path='F:\\AgeeKey\\yun_min\\yunmin\\agents\\risk_assessor.py'), 'function': '__init__', 'level': (name='INFO'
, no=20, icon='\u2139\ufe0f'), 'line': 41, 'message': '\U0001f6e1\ufe0f  Risk Assessor Agent initialized', 'module': 'risk_assessor', 'name': 'yunmin.agents.risk_assessor', 'process': (id=3128, name='MainProcess'), 'thread': (id=5532, name=
'MainThread'), 'time': datetime(2025, 11, 9, 17, 10, 28, 807060, tzinfo=datetime.timezone(datetime.timedelta(seconds=21600), '╓хэЄЁры№эр  └чш  (чшьр)'))}
Traceback (most recent call last):
  File "C:\Users\iclou\AppData\Local\Programs\Python\Python313\Lib\site-packages\loguru\_handler.py", line 206, in emit
    self._sink.write(str_record)
    ~~~~~~~~~~~~~~~~^^^^^^^^^^^^
  File "C:\Users\iclou\AppData\Local\Programs\Python\Python313\Lib\site-packages\loguru\_simple_sinks.py", line 16, in write
    self._stream.write(message)
    ~~~~~~~~~~~~~~~~~~^^^^^^^^^
  File "C:\Users\iclou\AppData\Local\Programs\Python\Python313\Lib\encodings\cp1251.py", line 19, in encode
    return codecs.charmap_encode(input,self.errors,encoding_table)[0]
           ~~~~~~~~~~~~~~~~~~~~~^^^^^^^^^^^^^^^^^^^^^^^^^^^^^^^^^^
UnicodeEncodeError: 'charmap' codec can't encode characters in position 0-1: character maps to <undefined>
--- End of logging error ---
--- Logging error in Loguru Handler #1 ---
Record was: {'elapsed': datetime.timedelta(microseconds=692082), 'exception': None, 'extra': {}, 'file': (name='risk_assessor.py', path='F:\\AgeeKey\\yun_min\\yunmin\\agents\\risk_assessor.py'), 'function': 'evaluate', 'level': (name='INFO'
, no=20, icon='\u2139\ufe0f'), 'line': 99, 'message': '\u2705 Risk assessment: score=86.0, size=0.100, approved=True', 'module': 'risk_assessor', 'name': 'yunmin.agents.risk_assessor', 'process': (id=3128, name='MainProcess'), 'thread': (id
=5532, name='MainThread'), 'time': datetime(2025, 11, 9, 17, 10, 28, 808175, tzinfo=datetime.timezone(datetime.timedelta(seconds=21600), '╓хэЄЁры№эр  └чш  (чшьр)'))}
Traceback (most recent call last):
  File "C:\Users\iclou\AppData\Local\Programs\Python\Python313\Lib\site-packages\loguru\_handler.py", line 206, in emit
    self._sink.write(str_record)
    ~~~~~~~~~~~~~~~~^^^^^^^^^^^^
  File "C:\Users\iclou\AppData\Local\Programs\Python\Python313\Lib\site-packages\loguru\_simple_sinks.py", line 16, in write
    self._stream.write(message)
    ~~~~~~~~~~~~~~~~~~^^^^^^^^^
  File "C:\Users\iclou\AppData\Local\Programs\Python\Python313\Lib\encodings\cp1251.py", line 19, in encode
    return codecs.charmap_encode(input,self.errors,encoding_table)[0]
           ~~~~~~~~~~~~~~~~~~~~~^^^^^^^^^^^^^^^^^^^^^^^^^^^^^^^^^^
UnicodeEncodeError: 'charmap' codec can't encode character '\u2705' in position 0: character maps to <undefined>
--- End of logging error ---
--- Logging error in Loguru Handler #1 ---
Record was: {'elapsed': datetime.timedelta(microseconds=693191), 'exception': None, 'extra': {}, 'file': (name='test_v4_full_structure.py', path='F:\\AgeeKey\\yun_min\\test_v4_full_structure.py'), 'function': 'test_risk_assessor', 'level': 
(name='INFO', no=20, icon='\u2139\ufe0f'), 'line': 98, 'message': '   \u2192 Risk Score: 86.0, Position Size: 0.1000', 'module': 'test_v4_full_structure', 'name': '__main__', 'process': (id=3128, name='MainProcess'), 'thread': (id=5532, nam
e='MainThread'), 'time': datetime(2025, 11, 9, 17, 10, 28, 809284, tzinfo=datetime.timezone(datetime.timedelta(seconds=21600), '╓хэЄЁры№эр  └чш  (чшьр)'))}
Traceback (most recent call last):
  File "C:\Users\iclou\AppData\Local\Programs\Python\Python313\Lib\site-packages\loguru\_handler.py", line 206, in emit
    self._sink.write(str_record)
    ~~~~~~~~~~~~~~~~^^^^^^^^^^^^
  File "C:\Users\iclou\AppData\Local\Programs\Python\Python313\Lib\site-packages\loguru\_simple_sinks.py", line 16, in write
    self._stream.write(message)
    ~~~~~~~~~~~~~~~~~~^^^^^^^^^
  File "C:\Users\iclou\AppData\Local\Programs\Python\Python313\Lib\encodings\cp1251.py", line 19, in encode
    return codecs.charmap_encode(input,self.errors,encoding_table)[0]
           ~~~~~~~~~~~~~~~~~~~~~^^^^^^^^^^^^^^^^^^^^^^^^^^^^^^^^^^
UnicodeEncodeError: 'charmap' codec can't encode character '\u2192' in position 3: character maps to <undefined>
--- End of logging error ---
--- Logging error in Loguru Handler #1 ---
Record was: {'elapsed': datetime.timedelta(microseconds=694295), 'exception': None, 'extra': {}, 'file': (name='test_v4_full_structure.py', path='F:\\AgeeKey\\yun_min\\test_v4_full_structure.py'), 'function': 'test_component', 'level': (nam
e='SUCCESS', no=25, icon='\u2705'), 'line': 33, 'message': '\u2705 Risk Assessor - ╨└┴╬╥└┼╥', 'module': 'test_v4_full_structure', 'name': '__main__', 'process': (id=3128, name='MainProcess'), 'thread': (id=5532, name='MainThread'), 'time': 
datetime(2025, 11, 9, 17, 10, 28, 810388, tzinfo=datetime.timezone(datetime.timedelta(seconds=21600), '╓хэЄЁры№эр  └чш  (чшьр)'))}
Traceback (most recent call last):
  File "C:\Users\iclou\AppData\Local\Programs\Python\Python313\Lib\site-packages\loguru\_handler.py", line 206, in emit
    self._sink.write(str_record)
    ~~~~~~~~~~~~~~~~^^^^^^^^^^^^
  File "C:\Users\iclou\AppData\Local\Programs\Python\Python313\Lib\site-packages\loguru\_simple_sinks.py", line 16, in write
    self._stream.write(message)
    ~~~~~~~~~~~~~~~~~~^^^^^^^^^
  File "C:\Users\iclou\AppData\Local\Programs\Python\Python313\Lib\encodings\cp1251.py", line 19, in encode
    return codecs.charmap_encode(input,self.errors,encoding_table)[0]
           ~~~~~~~~~~~~~~~~~~~~~^^^^^^^^^^^^^^^^^^^^^^^^^^^^^^^^^^
UnicodeEncodeError: 'charmap' codec can't encode character '\u2705' in position 0: character maps to <undefined>
--- End of logging error ---

======================================================================
╥хёЄ 3: Portfolio Manager
======================================================================
--- Logging error in Loguru Handler #1 ---
Record was: {'elapsed': datetime.timedelta(microseconds=695660), 'exception': None, 'extra': {}, 'file': (name='portfolio_manager.py', path='F:\\AgeeKey\\yun_min\\yunmin\\agents\\portfolio_manager.py'), 'function': '__init__', 'level': (nam
e='INFO', no=20, icon='\u2139\ufe0f'), 'line': 41, 'message': '\U0001f4bc Portfolio Manager Agent initialized (max_assets=5)', 'module': 'portfolio_manager', 'name': 'yunmin.agents.portfolio_manager', 'process': (id=3128, name='MainProcess'
), 'thread': (id=5532, name='MainThread'), 'time': datetime(2025, 11, 9, 17, 10, 28, 811753, tzinfo=datetime.timezone(datetime.timedelta(seconds=21600), '╓хэЄЁры№эр  └чш  (чшьр)'))}
Traceback (most recent call last):
  File "C:\Users\iclou\AppData\Local\Programs\Python\Python313\Lib\site-packages\loguru\_handler.py", line 206, in emit
    self._sink.write(str_record)
    ~~~~~~~~~~~~~~~~^^^^^^^^^^^^
  File "C:\Users\iclou\AppData\Local\Programs\Python\Python313\Lib\site-packages\loguru\_simple_sinks.py", line 16, in write
    self._stream.write(message)
    ~~~~~~~~~~~~~~~~~~^^^^^^^^^
  File "C:\Users\iclou\AppData\Local\Programs\Python\Python313\Lib\encodings\cp1251.py", line 19, in encode
    return codecs.charmap_encode(input,self.errors,encoding_table)[0]
           ~~~~~~~~~~~~~~~~~~~~~^^^^^^^^^^^^^^^^^^^^^^^^^^^^^^^^^^
UnicodeEncodeError: 'charmap' codec can't encode character '\U0001f4bc' in position 0: character maps to <undefined>
--- End of logging error ---
--- Logging error in Loguru Handler #1 ---
Record was: {'elapsed': datetime.timedelta(microseconds=696756), 'exception': None, 'extra': {}, 'file': (name='portfolio_manager.py', path='F:\\AgeeKey\\yun_min\\yunmin\\agents\\portfolio_manager.py'), 'function': 'allocate', 'level': (nam
e='INFO', no=20, icon='\u2139\ufe0f'), 'line': 107, 'message': '\u2705 Allocation: BTC/USDT BUY size=0.050 ($500.00)', 'module': 'portfolio_manager', 'name': 'yunmin.agents.portfolio_manager', 'process': (id=3128, name='MainProcess'), 'thre
ad': (id=5532, name='MainThread'), 'time': datetime(2025, 11, 9, 17, 10, 28, 812849, tzinfo=datetime.timezone(datetime.timedelta(seconds=21600), '╓хэЄЁры№эр  └чш  (чшьр)'))}
Traceback (most recent call last):
  File "C:\Users\iclou\AppData\Local\Programs\Python\Python313\Lib\site-packages\loguru\_handler.py", line 206, in emit
    self._sink.write(str_record)
    ~~~~~~~~~~~~~~~~^^^^^^^^^^^^
  File "C:\Users\iclou\AppData\Local\Programs\Python\Python313\Lib\site-packages\loguru\_simple_sinks.py", line 16, in write
    self._stream.write(message)
    ~~~~~~~~~~~~~~~~~~^^^^^^^^^
  File "C:\Users\iclou\AppData\Local\Programs\Python\Python313\Lib\encodings\cp1251.py", line 19, in encode
    return codecs.charmap_encode(input,self.errors,encoding_table)[0]
           ~~~~~~~~~~~~~~~~~~~~~^^^^^^^^^^^^^^^^^^^^^^^^^^^^^^^^^^
UnicodeEncodeError: 'charmap' codec can't encode character '\u2705' in position 0: character maps to <undefined>
--- End of logging error ---
--- Logging error in Loguru Handler #1 ---
Record was: {'elapsed': datetime.timedelta(microseconds=697817), 'exception': None, 'extra': {}, 'file': (name='test_v4_full_structure.py', path='F:\\AgeeKey\\yun_min\\test_v4_full_structure.py'), 'function': 'test_portfolio_manager', 'leve
l': (name='INFO', no=20, icon='\u2139\ufe0f'), 'line': 129, 'message': '   \u2192 Approved: True, Size: 0.050', 'module': 'test_v4_full_structure', 'name': '__main__', 'process': (id=3128, name='MainProcess'), 'thread': (id=5532, name='Main
Thread'), 'time': datetime(2025, 11, 9, 17, 10, 28, 813910, tzinfo=datetime.timezone(datetime.timedelta(seconds=21600), '╓хэЄЁры№эр  └чш  (чшьр)'))}
Traceback (most recent call last):
  File "C:\Users\iclou\AppData\Local\Programs\Python\Python313\Lib\site-packages\loguru\_handler.py", line 206, in emit
    self._sink.write(str_record)
    ~~~~~~~~~~~~~~~~^^^^^^^^^^^^
  File "C:\Users\iclou\AppData\Local\Programs\Python\Python313\Lib\site-packages\loguru\_simple_sinks.py", line 16, in write
    self._stream.write(message)
    ~~~~~~~~~~~~~~~~~~^^^^^^^^^
  File "C:\Users\iclou\AppData\Local\Programs\Python\Python313\Lib\encodings\cp1251.py", line 19, in encode
    return codecs.charmap_encode(input,self.errors,encoding_table)[0]
           ~~~~~~~~~~~~~~~~~~~~~^^^^^^^^^^^^^^^^^^^^^^^^^^^^^^^^^^
UnicodeEncodeError: 'charmap' codec can't encode character '\u2192' in position 3: character maps to <undefined>
--- End of logging error ---
--- Logging error in Loguru Handler #1 ---
Record was: {'elapsed': datetime.timedelta(microseconds=698891), 'exception': None, 'extra': {}, 'file': (name='test_v4_full_structure.py', path='F:\\AgeeKey\\yun_min\\test_v4_full_structure.py'), 'function': 'test_component', 'level': (nam
e='SUCCESS', no=25, icon='\u2705'), 'line': 33, 'message': '\u2705 Portfolio Manager - ╨└┴╬╥└┼╥', 'module': 'test_v4_full_structure', 'name': '__main__', 'process': (id=3128, name='MainProcess'), 'thread': (id=5532, name='MainThread'), 'tim
e': datetime(2025, 11, 9, 17, 10, 28, 814984, tzinfo=datetime.timezone(datetime.timedelta(seconds=21600), '╓хэЄЁры№эр  └чш  (чшьр)'))}
Traceback (most recent call last):
  File "C:\Users\iclou\AppData\Local\Programs\Python\Python313\Lib\site-packages\loguru\_handler.py", line 206, in emit
    self._sink.write(str_record)
    ~~~~~~~~~~~~~~~~^^^^^^^^^^^^
  File "C:\Users\iclou\AppData\Local\Programs\Python\Python313\Lib\site-packages\loguru\_simple_sinks.py", line 16, in write
    self._stream.write(message)
    ~~~~~~~~~~~~~~~~~~^^^^^^^^^
  File "C:\Users\iclou\AppData\Local\Programs\Python\Python313\Lib\encodings\cp1251.py", line 19, in encode
    return codecs.charmap_encode(input,self.errors,encoding_table)[0]
           ~~~~~~~~~~~~~~~~~~~~~^^^^^^^^^^^^^^^^^^^^^^^^^^^^^^^^^^
UnicodeEncodeError: 'charmap' codec can't encode character '\u2705' in position 0: character maps to <undefined>
--- End of logging error ---

======================================================================
╥хёЄ 4: Execution Agent
======================================================================
--- Logging error in Loguru Handler #1 ---
Record was: {'elapsed': datetime.timedelta(microseconds=700207), 'exception': None, 'extra': {}, 'file': (name='execution_agent.py', path='F:\\AgeeKey\\yun_min\\yunmin\\agents\\execution_agent.py'), 'function': '__init__', 'level': (name='I
NFO', no=20, icon='\u2139\ufe0f'), 'line': 49, 'message': '\u26a1 Execution Agent initialized (strategy=adaptive)', 'module': 'execution_agent', 'name': 'yunmin.agents.execution_agent', 'process': (id=3128, name='MainProcess'), 'thread': (i
d=5532, name='MainThread'), 'time': datetime(2025, 11, 9, 17, 10, 28, 816300, tzinfo=datetime.timezone(datetime.timedelta(seconds=21600), '╓хэЄЁры№эр  └чш  (чшьр)'))}
Traceback (most recent call last):
  File "C:\Users\iclou\AppData\Local\Programs\Python\Python313\Lib\site-packages\loguru\_handler.py", line 206, in emit
    self._sink.write(str_record)
    ~~~~~~~~~~~~~~~~^^^^^^^^^^^^
  File "C:\Users\iclou\AppData\Local\Programs\Python\Python313\Lib\site-packages\loguru\_simple_sinks.py", line 16, in write
    self._stream.write(message)
    ~~~~~~~~~~~~~~~~~~^^^^^^^^^
  File "C:\Users\iclou\AppData\Local\Programs\Python\Python313\Lib\encodings\cp1251.py", line 19, in encode
    return codecs.charmap_encode(input,self.errors,encoding_table)[0]
           ~~~~~~~~~~~~~~~~~~~~~^^^^^^^^^^^^^^^^^^^^^^^^^^^^^^^^^^
UnicodeEncodeError: 'charmap' codec can't encode character '\u26a1' in position 0: character maps to <undefined>
--- End of logging error ---
--- Logging error in Loguru Handler #1 ---
Record was: {'elapsed': datetime.timedelta(microseconds=701177), 'exception': None, 'extra': {}, 'file': (name='test_v4_full_structure.py', path='F:\\AgeeKey\\yun_min\\test_v4_full_structure.py'), 'function': 'test_execution_agent', 'level'
: (name='INFO', no=20, icon='\u2139\ufe0f'), 'line': 156, 'message': '   \u2192 Strategy: adaptive, Slippage: 0.0000', 'module': 'test_v4_full_structure', 'name': '__main__', 'process': (id=3128, name='MainProcess'), 'thread': (id=5532, nam
e='MainThread'), 'time': datetime(2025, 11, 9, 17, 10, 28, 817270, tzinfo=datetime.timezone(datetime.timedelta(seconds=21600), '╓хэЄЁры№эр  └чш  (чшьр)'))}
Traceback (most recent call last):
  File "C:\Users\iclou\AppData\Local\Programs\Python\Python313\Lib\site-packages\loguru\_handler.py", line 206, in emit
    self._sink.write(str_record)
    ~~~~~~~~~~~~~~~~^^^^^^^^^^^^
  File "C:\Users\iclou\AppData\Local\Programs\Python\Python313\Lib\site-packages\loguru\_simple_sinks.py", line 16, in write
    self._stream.write(message)
    ~~~~~~~~~~~~~~~~~~^^^^^^^^^
  File "C:\Users\iclou\AppData\Local\Programs\Python\Python313\Lib\encodings\cp1251.py", line 19, in encode
    return codecs.charmap_encode(input,self.errors,encoding_table)[0]
           ~~~~~~~~~~~~~~~~~~~~~^^^^^^^^^^^^^^^^^^^^^^^^^^^^^^^^^^
UnicodeEncodeError: 'charmap' codec can't encode character '\u2192' in position 3: character maps to <undefined>
--- End of logging error ---
--- Logging error in Loguru Handler #1 ---
Record was: {'elapsed': datetime.timedelta(microseconds=702310), 'exception': None, 'extra': {}, 'file': (name='test_v4_full_structure.py', path='F:\\AgeeKey\\yun_min\\test_v4_full_structure.py'), 'function': 'test_component', 'level': (nam
e='SUCCESS', no=25, icon='\u2705'), 'line': 33, 'message': '\u2705 Execution Agent - ╨└┴╬╥└┼╥', 'module': 'test_v4_full_structure', 'name': '__main__', 'process': (id=3128, name='MainProcess'), 'thread': (id=5532, name='MainThread'), 'time'
: datetime(2025, 11, 9, 17, 10, 28, 818403, tzinfo=datetime.timezone(datetime.timedelta(seconds=21600), '╓хэЄЁры№эр  └чш  (чшьр)'))}
Traceback (most recent call last):
  File "C:\Users\iclou\AppData\Local\Programs\Python\Python313\Lib\site-packages\loguru\_handler.py", line 206, in emit
    self._sink.write(str_record)
    ~~~~~~~~~~~~~~~~^^^^^^^^^^^^
  File "C:\Users\iclou\AppData\Local\Programs\Python\Python313\Lib\site-packages\loguru\_simple_sinks.py", line 16, in write
    self._stream.write(message)
    ~~~~~~~~~~~~~~~~~~^^^^^^^^^
  File "C:\Users\iclou\AppData\Local\Programs\Python\Python313\Lib\encodings\cp1251.py", line 19, in encode
    return codecs.charmap_encode(input,self.errors,encoding_table)[0]
           ~~~~~~~~~~~~~~~~~~~~~^^^^^^^^^^^^^^^^^^^^^^^^^^^^^^^^^^

======================================================================
╥хёЄ 5: Vector Store
======================================================================
No existing vector store found, starting fresh
UnicodeEncodeError: 'charmap' codec can't encode character '\u2705' in position 0: character maps to <undefined>
--- End of logging error ---
--- Logging error in Loguru Handler #1 ---
Record was: {'elapsed': datetime.timedelta(microseconds=705063), 'exception': None, 'extra': {}, 'file': (name='test_v4_full_structure.py', path='F:\\AgeeKey\\yun_min\\test_v4_full_structure.py'), 'function': '<module>', 'level': (name='INF
O', no=20, icon='\u2139\ufe0f'), 'line': 469, 'message': '\n\U0001f9e0 2. MEMORY SYSTEM', 'module': 'test_v4_full_structure', 'name': '__main__', 'process': (id=3128, name='MainProcess'), 'thread': (id=5532, name='MainThread'), 'time': date
time(2025, 11, 9, 17, 10, 28, 821156, tzinfo=datetime.timezone(datetime.timedelta(seconds=21600), '╓хэЄЁры№эр  └чш  (чшьр)'))}
Traceback (most recent call last):
  File "C:\Users\iclou\AppData\Local\Programs\Python\Python313\Lib\site-packages\loguru\_handler.py", line 206, in emit
    self._sink.write(str_record)
    ~~~~~~~~~~~~~~~~^^^^^^^^^^^^
  File "C:\Users\iclou\AppData\Local\Programs\Python\Python313\Lib\site-packages\loguru\_simple_sinks.py", line 16, in write
    self._stream.write(message)
    ~~~~~~~~~~~~~~~~~~^^^^^^^^^
  File "C:\Users\iclou\AppData\Local\Programs\Python\Python313\Lib\encodings\cp1251.py", line 19, in encode
    return codecs.charmap_encode(input,self.errors,encoding_table)[0]
           ~~~~~~~~~~~~~~~~~~~~~^^^^^^^^^^^^^^^^^^^^^^^^^^^^^^^^^^
UnicodeEncodeError: 'charmap' codec can't encode character '\U0001f9e0' in position 2: character maps to <undefined>
--- End of logging error ---
--- Logging error in Loguru Handler #1 ---
Record was: {'elapsed': datetime.timedelta(microseconds=721755), 'exception': None, 'extra': {}, 'file': (name='test_v4_full_structure.py', path='F:\\AgeeKey\\yun_min\\test_v4_full_structure.py'), 'function': 'test_vector_store', 'level': (
name='INFO', no=20, icon='\u2139\ufe0f'), 'line': 181, 'message': '   \u2192 Stored: 5 vectors, Retrieved: 3 nearest', 'module': 'test_v4_full_structure', 'name': '__main__', 'process': (id=3128, name='MainProcess'), 'thread': (id=5532, nam
e='MainThread'), 'time': datetime(2025, 11, 9, 17, 10, 28, 837848, tzinfo=datetime.timezone(datetime.timedelta(seconds=21600), '╓хэЄЁры№эр  └чш  (чшьр)'))}
Traceback (most recent call last):
  File "C:\Users\iclou\AppData\Local\Programs\Python\Python313\Lib\site-packages\loguru\_handler.py", line 206, in emit
    self._sink.write(str_record)
    ~~~~~~~~~~~~~~~~^^^^^^^^^^^^
  File "C:\Users\iclou\AppData\Local\Programs\Python\Python313\Lib\site-packages\loguru\_simple_sinks.py", line 16, in write
    self._stream.write(message)
    ~~~~~~~~~~~~~~~~~~^^^^^^^^^
  File "C:\Users\iclou\AppData\Local\Programs\Python\Python313\Lib\encodings\cp1251.py", line 19, in encode
    return codecs.charmap_encode(input,self.errors,encoding_table)[0]
           ~~~~~~~~~~~~~~~~~~~~~^^^^^^^^^^^^^^^^^^^^^^^^^^^^^^^^^^
UnicodeEncodeError: 'charmap' codec can't encode character '\u2192' in position 3: character maps to <undefined>
--- End of logging error ---
--- Logging error in Loguru Handler #1 ---
Record was: {'elapsed': datetime.timedelta(microseconds=723154), 'exception': None, 'extra': {}, 'file': (name='test_v4_full_structure.py', path='F:\\AgeeKey\\yun_min\\test_v4_full_structure.py'), 'function': 'test_component', 'level': (nam
e='SUCCESS', no=25, icon='\u2705'), 'line': 33, 'message': '\u2705 Vector Store - ╨└┴╬╥└┼╥', 'module': 'test_v4_full_structure', 'name': '__main__', 'process': (id=3128, name='MainProcess'), 'thread': (id=5532, name='MainThread'), 'time': d
atetime(2025, 11, 9, 17, 10, 28, 839247, tzinfo=datetime.timezone(datetime.timedelta(seconds=21600), '╓хэЄЁры№эр  └чш  (чшьр)'))}
Traceback (most recent call last):
  File "C:\Users\iclou\AppData\Local\Programs\Python\Python313\Lib\site-packages\loguru\_handler.py", line 206, in emit
    self._sink.write(str_record)
    ~~~~~~~~~~~~~~~~^^^^^^^^^^^^
  File "C:\Users\iclou\AppData\Local\Programs\Python\Python313\Lib\site-packages\loguru\_simple_sinks.py", line 16, in write
    self._stream.write(message)
    ~~~~~~~~~~~~~~~~~~^^^^^^^^^
  File "C:\Users\iclou\AppData\Local\Programs\Python\Python313\Lib\encodings\cp1251.py", line 19, in encode
    return codecs.charmap_encode(input,self.errors,encoding_table)[0]
           ~~~~~~~~~~~~~~~~~~~~~^^^^^^^^^^^^^^^^^^^^^^^^^^^^^^^^^^
UnicodeEncodeError: 'charmap' codec can't encode character '\u2705' in position 0: character maps to <undefined>
--- End of logging error ---

======================================================================
╥хёЄ 6: Trade History
======================================================================
--- Logging error in Loguru Handler #1 ---
Record was: {'elapsed': datetime.timedelta(microseconds=725455), 'exception': None, 'extra': {}, 'file': (name='vector_store.py', path='F:\\AgeeKey\\yun_min\\yunmin\\memory\\vector_store.py'), 'function': '__init__', 'level': (name='INFO', 
no=20, icon='\u2139\ufe0f'), 'line': 52, 'message': '\u2705 FAISS vector store initialized (dim=384)', 'module': 'vector_store', 'name': 'yunmin.memory.vector_store', 'process': (id=3128, name='MainProcess'), 'thread': (id=5532, name='MainT
hread'), 'time': datetime(2025, 11, 9, 17, 10, 28, 841548, tzinfo=datetime.timezone(datetime.timedelta(seconds=21600), '╓хэЄЁры№эр  └чш  (чшьр)'))}
Traceback (most recent call last):
  File "C:\Users\iclou\AppData\Local\Programs\Python\Python313\Lib\site-packages\loguru\_handler.py", line 206, in emit
    self._sink.write(str_record)
    ~~~~~~~~~~~~~~~~^^^^^^^^^^^^
  File "C:\Users\iclou\AppData\Local\Programs\Python\Python313\Lib\site-packages\loguru\_simple_sinks.py", line 16, in write
    self._stream.write(message)
    ~~~~~~~~~~~~~~~~~~^^^^^^^^^
  File "C:\Users\iclou\AppData\Local\Programs\Python\Python313\Lib\encodings\cp1251.py", line 19, in encode
    return codecs.charmap_encode(input,self.errors,encoding_table)[0]
           ~~~~~~~~~~~~~~~~~~~~~^^^^^^^^^^^^^^^^^^^^^^^^^^^^^^^^^^
UnicodeEncodeError: 'charmap' codec can't encode character '\u2705' in position 0: character maps to <undefined>
--- End of logging error ---
--- Logging error in Loguru Handler #1 ---
Record was: {'elapsed': datetime.timedelta(microseconds=727310), 'exception': None, 'extra': {}, 'file': (name='trade_history.py', path='F:\\AgeeKey\\yun_min\\yunmin\\memory\\trade_history.py'), 'function': '__init__', 'level': (name='INFO'
, no=20, icon='\u2139\ufe0f'), 'line': 42, 'message': '\U0001f4da Trade history initialized with simple embeddings', 'module': 'trade_history', 'name': 'yunmin.memory.trade_history', 'process': (id=3128, name='MainProcess'), 'thread': (id=5
532, name='MainThread'), 'time': datetime(2025, 11, 9, 17, 10, 28, 843403, tzinfo=datetime.timezone(datetime.timedelta(seconds=21600), '╓хэЄЁры№эр  └чш  (чшьр)'))}
Traceback (most recent call last):
  File "C:\Users\iclou\AppData\Local\Programs\Python\Python313\Lib\site-packages\loguru\_handler.py", line 206, in emit
    self._sink.write(str_record)
    ~~~~~~~~~~~~~~~~^^^^^^^^^^^^
  File "C:\Users\iclou\AppData\Local\Programs\Python\Python313\Lib\site-packages\loguru\_simple_sinks.py", line 16, in write
    self._stream.write(message)
    ~~~~~~~~~~~~~~~~~~^^^^^^^^^
  File "C:\Users\iclou\AppData\Local\Programs\Python\Python313\Lib\encodings\cp1251.py", line 19, in encode
    return codecs.charmap_encode(input,self.errors,encoding_table)[0]
           ~~~~~~~~~~~~~~~~~~~~~^^^^^^^^^^^^^^^^^^^^^^^^^^^^^^^^^^
UnicodeEncodeError: 'charmap' codec can't encode character '\U0001f4da' in position 0: character maps to <undefined>
--- End of logging error ---
--- Logging error in Loguru Handler #1 ---
Record was: {'elapsed': datetime.timedelta(microseconds=728610), 'exception': None, 'extra': {}, 'file': (name='test_v4_full_structure.py', path='F:\\AgeeKey\\yun_min\\test_v4_full_structure.py'), 'function': 'test_trade_history', 'level': 
(name='INFO', no=20, icon='\u2139\ufe0f'), 'line': 207, 'message': '   \u2192 Stored: 3 trades, Recalled: 1 similar', 'module': 'test_v4_full_structure', 'name': '__main__', 'process': (id=3128, name='MainProcess'), 'thread': (id=5532, name
='MainThread'), 'time': datetime(2025, 11, 9, 17, 10, 28, 844703, tzinfo=datetime.timezone(datetime.timedelta(seconds=21600), '╓хэЄЁры№эр  └чш  (чшьр)'))}
Traceback (most recent call last):
  File "C:\Users\iclou\AppData\Local\Programs\Python\Python313\Lib\site-packages\loguru\_handler.py", line 206, in emit
    self._sink.write(str_record)
    ~~~~~~~~~~~~~~~~^^^^^^^^^^^^
  File "C:\Users\iclou\AppData\Local\Programs\Python\Python313\Lib\site-packages\loguru\_simple_sinks.py", line 16, in write
    self._stream.write(message)
    ~~~~~~~~~~~~~~~~~~^^^^^^^^^
  File "C:\Users\iclou\AppData\Local\Programs\Python\Python313\Lib\encodings\cp1251.py", line 19, in encode
    return codecs.charmap_encode(input,self.errors,encoding_table)[0]
           ~~~~~~~~~~~~~~~~~~~~~^^^^^^^^^^^^^^^^^^^^^^^^^^^^^^^^^^
UnicodeEncodeError: 'charmap' codec can't encode character '\u2192' in position 3: character maps to <undefined>
--- End of logging error ---
--- Logging error in Loguru Handler #1 ---
Record was: {'elapsed': datetime.timedelta(microseconds=731271), 'exception': None, 'extra': {}, 'file': (name='test_v4_full_structure.py', path='F:\\AgeeKey\\yun_min\\test_v4_full_structure.py'), 'function': 'test_component', 'level': (nam
e='SUCCESS', no=25, icon='\u2705'), 'line': 33, 'message': '\u2705 Trade History - ╨└┴╬╥└┼╥', 'module': 'test_v4_full_structure', 'name': '__main__', 'process': (id=3128, name='MainProcess'), 'thread': (id=5532, name='MainThread'), 'time': 
datetime(2025, 11, 9, 17, 10, 28, 847364, tzinfo=datetime.timezone(datetime.timedelta(seconds=21600), '╓хэЄЁры№эр  └чш  (чшьр)'))}
Traceback (most recent call last):
  File "C:\Users\iclou\AppData\Local\Programs\Python\Python313\Lib\site-packages\loguru\_handler.py", line 206, in emit
    self._sink.write(str_record)
    ~~~~~~~~~~~~~~~~^^^^^^^^^^^^
  File "C:\Users\iclou\AppData\Local\Programs\Python\Python313\Lib\site-packages\loguru\_simple_sinks.py", line 16, in write
    self._stream.write(message)
    ~~~~~~~~~~~~~~~~~~^^^^^^^^^
  File "C:\Users\iclou\AppData\Local\Programs\Python\Python313\Lib\encodings\cp1251.py", line 19, in encode
    return codecs.charmap_encode(input,self.errors,encoding_table)[0]
           ~~~~~~~~~~~~~~~~~~~~~^^^^^^^^^^^^^^^^^^^^^^^^^^^^^^^^^^
UnicodeEncodeError: 'charmap' codec can't encode character '\u2705' in position 0: character maps to <undefined>
--- End of logging error ---
--- Logging error in Loguru Handler #1 ---
Record was: {'elapsed': datetime.timedelta(microseconds=733081), 'exception': None, 'extra': {}, 'file': (name='pattern_library.py', path='F:\\AgeeKey\\yun_min\\yunmin\\memory\\pattern_library.py'), 'function': '__init__', 'level': (name='I
NFO', no=20, icon='\u2139\ufe0f'), 'line': 56, 'message': '\U0001f4d6 Pattern library initialized with 0 patterns', 'module': 'pattern_library', 'name': 'yunmin.memory.pattern_library', 'process': (id=3128, name='MainProcess'), 'thread': (i
d=5532, name='MainThread'), 'time': datetime(2025, 11, 9, 17, 10, 28, 849174, tzinfo=datetime.timezone(datetime.timedelta(seconds=21600), '╓хэЄЁры№эр  └чш  (чшьр)'))}
Traceback (most recent call last):
  File "C:\Users\iclou\AppData\Local\Programs\Python\Python313\Lib\site-packages\loguru\_handler.py", line 206, in emit
    self._sink.write(str_record)
    ~~~~~~~~~~~~~~~~^^^^^^^^^^^^
  File "C:\Users\iclou\AppData\Local\Programs\Python\Python313\Lib\site-packages\loguru\_simple_sinks.py", line 16, in write
    self._stream.write(message)
    ~~~~~~~~~~~~~~~~~~^^^^^^^^^
  File "C:\Users\iclou\AppData\Local\Programs\Python\Python313\Lib\encodings\cp1251.py", line 19, in encode
    return codecs.charmap_encode(input,self.errors,encoding_table)[0]
           ~~~~~~~~~~~~~~~~~~~~~^^^^^^^^^^^^^^^^^^^^^^^^^^^^^^^^^^
UnicodeEncodeError: 'charmap' codec can't encode character '\U0001f4d6' in position 0: character maps to <undefined>
No existing vector store found, starting fresh

======================================================================
╥хёЄ 7: Pattern Library
======================================================================
No existing pattern library found, starting fresh

======================================================================
╥хёЄ 8: Market Data
======================================================================
--- End of logging error ---
--- Logging error in Loguru Handler #1 ---
Record was: {'elapsed': datetime.timedelta(microseconds=734178), 'exception': None, 'extra': {}, 'file': (name='test_v4_full_structure.py', path='F:\\AgeeKey\\yun_min\\test_v4_full_structure.py'), 'function': 'test_pattern_library', 'level'
: (name='INFO', no=20, icon='\u2139\ufe0f'), 'line': 230, 'message': "   \u2192 Added: 3 patterns, Stats: {'pattern_type': 'breakout', 'count': 1, 'win_rate': 1.0, 'avg_pnl': 150.0, 'total_occurrences': 1}", 'module': 'test_v4_full_structur
e', 'name': '__main__', 'process': (id=3128, name='MainProcess'), 'thread': (id=5532, name='MainThread'), 'time': datetime(2025, 11, 9, 17, 10, 28, 850271, tzinfo=datetime.timezone(datetime.timedelta(seconds=21600), '╓хэЄЁры№эр  └чш  (чшьр)
'))}
Traceback (most recent call last):
  File "C:\Users\iclou\AppData\Local\Programs\Python\Python313\Lib\site-packages\loguru\_handler.py", line 206, in emit
    self._sink.write(str_record)
    ~~~~~~~~~~~~~~~~^^^^^^^^^^^^
  File "C:\Users\iclou\AppData\Local\Programs\Python\Python313\Lib\site-packages\loguru\_simple_sinks.py", line 16, in write
    self._stream.write(message)
    ~~~~~~~~~~~~~~~~~~^^^^^^^^^
  File "C:\Users\iclou\AppData\Local\Programs\Python\Python313\Lib\encodings\cp1251.py", line 19, in encode
    return codecs.charmap_encode(input,self.errors,encoding_table)[0]
           ~~~~~~~~~~~~~~~~~~~~~^^^^^^^^^^^^^^^^^^^^^^^^^^^^^^^^^^
UnicodeEncodeError: 'charmap' codec can't encode character '\u2192' in position 3: character maps to <undefined>
--- End of logging error ---
--- Logging error in Loguru Handler #1 ---
Record was: {'elapsed': datetime.timedelta(microseconds=735159), 'exception': None, 'extra': {}, 'file': (name='test_v4_full_structure.py', path='F:\\AgeeKey\\yun_min\\test_v4_full_structure.py'), 'function': 'test_component', 'level': (nam
e='SUCCESS', no=25, icon='\u2705'), 'line': 33, 'message': '\u2705 Pattern Library - ╨└┴╬╥└┼╥', 'module': 'test_v4_full_structure', 'name': '__main__', 'process': (id=3128, name='MainProcess'), 'thread': (id=5532, name='MainThread'), 'time'
: datetime(2025, 11, 9, 17, 10, 28, 851252, tzinfo=datetime.timezone(datetime.timedelta(seconds=21600), '╓хэЄЁры№эр  └чш  (чшьр)'))}
Traceback (most recent call last):
  File "C:\Users\iclou\AppData\Local\Programs\Python\Python313\Lib\site-packages\loguru\_handler.py", line 206, in emit
    self._sink.write(str_record)
    ~~~~~~~~~~~~~~~~^^^^^^^^^^^^
  File "C:\Users\iclou\AppData\Local\Programs\Python\Python313\Lib\site-packages\loguru\_simple_sinks.py", line 16, in write
    self._stream.write(message)
    ~~~~~~~~~~~~~~~~~~^^^^^^^^^
  File "C:\Users\iclou\AppData\Local\Programs\Python\Python313\Lib\encodings\cp1251.py", line 19, in encode
    return codecs.charmap_encode(input,self.errors,encoding_table)[0]
           ~~~~~~~~~~~~~~~~~~~~~^^^^^^^^^^^^^^^^^^^^^^^^^^^^^^^^^^
UnicodeEncodeError: 'charmap' codec can't encode character '\u2705' in position 0: character maps to <undefined>
--- End of logging error ---
--- Logging error in Loguru Handler #1 ---
Record was: {'elapsed': datetime.timedelta(microseconds=736124), 'exception': None, 'extra': {}, 'file': (name='test_v4_full_structure.py', path='F:\\AgeeKey\\yun_min\\test_v4_full_structure.py'), 'function': '<module>', 'level': (name='INF
O', no=20, icon='\u2139\ufe0f'), 'line': 475, 'message': '\n\U0001f4ca 3. CONTEXT BUILDERS', 'module': 'test_v4_full_structure', 'name': '__main__', 'process': (id=3128, name='MainProcess'), 'thread': (id=5532, name='MainThread'), 'time': d
atetime(2025, 11, 9, 17, 10, 28, 852217, tzinfo=datetime.timezone(datetime.timedelta(seconds=21600), '╓хэЄЁры№эр  └чш  (чшьр)'))}
Traceback (most recent call last):
  File "C:\Users\iclou\AppData\Local\Programs\Python\Python313\Lib\site-packages\loguru\_handler.py", line 206, in emit
    self._sink.write(str_record)
    ~~~~~~~~~~~~~~~~^^^^^^^^^^^^
  File "C:\Users\iclou\AppData\Local\Programs\Python\Python313\Lib\site-packages\loguru\_simple_sinks.py", line 16, in write
    self._stream.write(message)
    ~~~~~~~~~~~~~~~~~~^^^^^^^^^
  File "C:\Users\iclou\AppData\Local\Programs\Python\Python313\Lib\encodings\cp1251.py", line 19, in encode
    return codecs.charmap_encode(input,self.errors,encoding_table)[0]
           ~~~~~~~~~~~~~~~~~~~~~^^^^^^^^^^^^^^^^^^^^^^^^^^^^^^^^^^
UnicodeEncodeError: 'charmap' codec can't encode character '\U0001f4ca' in position 2: character maps to <undefined>
--- End of logging error ---
--- Logging error in Loguru Handler #1 ---
Record was: {'elapsed': datetime.timedelta(seconds=1, microseconds=347238), 'exception': None, 'extra': {}, 'file': (name='market_data.py', path='F:\\AgeeKey\\yun_min\\yunmin\\context\\market_data.py'), 'function': '__init__', 'level': (nam
e='INFO', no=20, icon='\u2139\ufe0f'), 'line': 297, 'message': '\U0001f4ca Market Data Collector initialized (max length=500)', 'module': 'market_data', 'name': 'yunmin.context.market_data', 'process': (id=3128, name='MainProcess'), 'thread
': (id=5532, name='MainThread'), 'time': datetime(2025, 11, 9, 17, 10, 29, 463331, tzinfo=datetime.timezone(datetime.timedelta(seconds=21600), '╓хэЄЁры№эр  └чш  (чшьр)'))}
Traceback (most recent call last):
  File "C:\Users\iclou\AppData\Local\Programs\Python\Python313\Lib\site-packages\loguru\_handler.py", line 206, in emit
    self._sink.write(str_record)
    ~~~~~~~~~~~~~~~~^^^^^^^^^^^^
  File "C:\Users\iclou\AppData\Local\Programs\Python\Python313\Lib\site-packages\loguru\_simple_sinks.py", line 16, in write
    self._stream.write(message)
    ~~~~~~~~~~~~~~~~~~^^^^^^^^^
  File "C:\Users\iclou\AppData\Local\Programs\Python\Python313\Lib\encodings\cp1251.py", line 19, in encode
    return codecs.charmap_encode(input,self.errors,encoding_table)[0]
           ~~~~~~~~~~~~~~~~~~~~~^^^^^^^^^^^^^^^^^^^^^^^^^^^^^^^^^^
UnicodeEncodeError: 'charmap' codec can't encode character '\U0001f4ca' in position 0: character maps to <undefined>
--- End of logging error ---
--- Logging error in Loguru Handler #1 ---
Record was: {'elapsed': datetime.timedelta(seconds=1, microseconds=354186), 'exception': None, 'extra': {}, 'file': (name='test_v4_full_structure.py', path='F:\\AgeeKey\\yun_min\\test_v4_full_structure.py'), 'function': 'test_market_data', 
'level': (name='INFO', no=20, icon='\u2139\ufe0f'), 'line': 261, 'message': '   \u2192 Candles: 100, Indicators: 5', 'module': 'test_v4_full_structure', 'name': '__main__', 'process': (id=3128, name='MainProcess'), 'thread': (id=5532, name=
'MainThread'), 'time': datetime(2025, 11, 9, 17, 10, 29, 470279, tzinfo=datetime.timezone(datetime.timedelta(seconds=21600), '╓хэЄЁры№эр  └чш  (чшьр)'))}
Traceback (most recent call last):
  File "C:\Users\iclou\AppData\Local\Programs\Python\Python313\Lib\site-packages\loguru\_handler.py", line 206, in emit
    self._sink.write(str_record)
    ~~~~~~~~~~~~~~~~^^^^^^^^^^^^
  File "C:\Users\iclou\AppData\Local\Programs\Python\Python313\Lib\site-packages\loguru\_simple_sinks.py", line 16, in write
    self._stream.write(message)
    ~~~~~~~~~~~~~~~~~~^^^^^^^^^
  File "C:\Users\iclou\AppData\Local\Programs\Python\Python313\Lib\encodings\cp1251.py", line 19, in encode
    return codecs.charmap_encode(input,self.errors,encoding_table)[0]
           ~~~~~~~~~~~~~~~~~~~~~^^^^^^^^^^^^^^^^^^^^^^^^^^^^^^^^^^
UnicodeEncodeError: 'charmap' codec can't encode character '\u2192' in position 3: character maps to <undefined>
--- End of logging error ---
--- Logging error in Loguru Handler #1 ---
Record was: {'elapsed': datetime.timedelta(seconds=1, microseconds=355325), 'exception': None, 'extra': {}, 'file': (name='test_v4_full_structure.py', path='F:\\AgeeKey\\yun_min\\test_v4_full_structure.py'), 'function': 'test_component', 'l
evel': (name='SUCCESS', no=25, icon='\u2705'), 'line': 33, 'message': '\u2705 Market Data - ╨└┴╬╥└┼╥', 'module': 'test_v4_full_structure', 'name': '__main__', 'process': (id=3128, name='MainProcess'), 'thread': (id=5532, name='MainThread'),
 'time': datetime(2025, 11, 9, 17, 10, 29, 471418, tzinfo=datetime.timezone(datetime.timedelta(seconds=21600), '╓хэЄЁры№эр  └чш  (чшьр)'))}
Traceback (most recent call last):
  File "C:\Users\iclou\AppData\Local\Programs\Python\Python313\Lib\site-packages\loguru\_handler.py", line 206, in emit
    self._sink.write(str_record)
    ~~~~~~~~~~~~~~~~^^^^^^^^^^^^
  File "C:\Users\iclou\AppData\Local\Programs\Python\Python313\Lib\site-packages\loguru\_simple_sinks.py", line 16, in write
    self._stream.write(message)
    ~~~~~~~~~~~~~~~~~~^^^^^^^^^
  File "C:\Users\iclou\AppData\Local\Programs\Python\Python313\Lib\encodings\cp1251.py", line 19, in encode
    return codecs.charmap_encode(input,self.errors,encoding_table)[0]
           ~~~~~~~~~~~~~~~~~~~~~^^^^^^^^^^^^^^^^^^^^^^^^^^^^^^^^^^
UnicodeEncodeError: 'charmap' codec can't encode character '\u2705' in position 0: character maps to <undefined>
--- End of logging error ---

======================================================================
╥хёЄ 9: OrderBook
======================================================================
--- Logging error in Loguru Handler #1 ---
Record was: {'elapsed': datetime.timedelta(seconds=1, microseconds=356732), 'exception': None, 'extra': {}, 'file': (name='orderbook.py', path='F:\\AgeeKey\\yun_min\\yunmin\\context\\orderbook.py'), 'function': '__init__', 'level': (name='I
NFO', no=20, icon='\u2139\ufe0f'), 'line': 32, 'message': '\U0001f4d6 Order Book Analyzer initialized (depth=10)', 'module': 'orderbook', 'name': 'yunmin.context.orderbook', 'process': (id=3128, name='MainProcess'), 'thread': (id=5532, name
='MainThread'), 'time': datetime(2025, 11, 9, 17, 10, 29, 472825, tzinfo=datetime.timezone(datetime.timedelta(seconds=21600), '╓хэЄЁры№эр  └чш  (чшьр)'))}
Traceback (most recent call last):
  File "C:\Users\iclou\AppData\Local\Programs\Python\Python313\Lib\site-packages\loguru\_handler.py", line 206, in emit
    self._sink.write(str_record)
    ~~~~~~~~~~~~~~~~^^^^^^^^^^^^
  File "C:\Users\iclou\AppData\Local\Programs\Python\Python313\Lib\site-packages\loguru\_simple_sinks.py", line 16, in write
    self._stream.write(message)
    ~~~~~~~~~~~~~~~~~~^^^^^^^^^
  File "C:\Users\iclou\AppData\Local\Programs\Python\Python313\Lib\encodings\cp1251.py", line 19, in encode
    return codecs.charmap_encode(input,self.errors,encoding_table)[0]
           ~~~~~~~~~~~~~~~~~~~~~^^^^^^^^^^^^^^^^^^^^^^^^^^^^^^^^^^
UnicodeEncodeError: 'charmap' codec can't encode character '\U0001f4d6' in position 0: character maps to <undefined>
--- End of logging error ---
--- Logging error in Loguru Handler #1 ---
Record was: {'elapsed': datetime.timedelta(seconds=1, microseconds=357728), 'exception': None, 'extra': {}, 'file': (name='test_v4_full_structure.py', path='F:\\AgeeKey\\yun_min\\test_v4_full_structure.py'), 'function': 'test_orderbook', 'l
evel': (name='INFO', no=20, icon='\u2139\ufe0f'), 'line': 280, 'message': '   \u2192 Spread: 0.00, Imbalance: 0.000', 'module': 'test_v4_full_structure', 'name': '__main__', 'process': (id=3128, name='MainProcess'), 'thread': (id=5532, name
='MainThread'), 'time': datetime(2025, 11, 9, 17, 10, 29, 473821, tzinfo=datetime.timezone(datetime.timedelta(seconds=21600), '╓хэЄЁры№эр  └чш  (чшьр)'))}
Traceback (most recent call last):
  File "C:\Users\iclou\AppData\Local\Programs\Python\Python313\Lib\site-packages\loguru\_handler.py", line 206, in emit
    self._sink.write(str_record)
    ~~~~~~~~~~~~~~~~^^^^^^^^^^^^
  File "C:\Users\iclou\AppData\Local\Programs\Python\Python313\Lib\site-packages\loguru\_simple_sinks.py", line 16, in write
    self._stream.write(message)
    ~~~~~~~~~~~~~~~~~~^^^^^^^^^
  File "C:\Users\iclou\AppData\Local\Programs\Python\Python313\Lib\encodings\cp1251.py", line 19, in encode
    return codecs.charmap_encode(input,self.errors,encoding_table)[0]
           ~~~~~~~~~~~~~~~~~~~~~^^^^^^^^^^^^^^^^^^^^^^^^^^^^^^^^^^
UnicodeEncodeError: 'charmap' codec can't encode character '\u2192' in position 3: character maps to <undefined>
--- End of logging error ---
--- Logging error in Loguru Handler #1 ---
Record was: {'elapsed': datetime.timedelta(seconds=1, microseconds=358594), 'exception': None, 'extra': {}, 'file': (name='test_v4_full_structure.py', path='F:\\AgeeKey\\yun_min\\test_v4_full_structure.py'), 'function': 'test_component', 'l
evel': (name='SUCCESS', no=25, icon='\u2705'), 'line': 33, 'message': '\u2705 OrderBook - ╨└┴╬╥└┼╥', 'module': 'test_v4_full_structure', 'name': '__main__', 'process': (id=3128, name='MainProcess'), 'thread': (id=5532, name='MainThread'), '
time': datetime(2025, 11, 9, 17, 10, 29, 474687, tzinfo=datetime.timezone(datetime.timedelta(seconds=21600), '╓хэЄЁры№эр  └чш  (чшьр)'))}
Traceback (most recent call last):
  File "C:\Users\iclou\AppData\Local\Programs\Python\Python313\Lib\site-packages\loguru\_handler.py", line 206, in emit
    self._sink.write(str_record)
    ~~~~~~~~~~~~~~~~^^^^^^^^^^^^
  File "C:\Users\iclou\AppData\Local\Programs\Python\Python313\Lib\site-packages\loguru\_simple_sinks.py", line 16, in write
    self._stream.write(message)
    ~~~~~~~~~~~~~~~~~~^^^^^^^^^
  File "C:\Users\iclou\AppData\Local\Programs\Python\Python313\Lib\encodings\cp1251.py", line 19, in encode
    return codecs.charmap_encode(input,self.errors,encoding_table)[0]
           ~~~~~~~~~~~~~~~~~~~~~^^^^^^^^^^^^^^^^^^^^^^^^^^^^^^^^^^
UnicodeEncodeError: 'charmap' codec can't encode character '\u2705' in position 0: character maps to <undefined>
--- End of logging error ---

======================================================================
╥хёЄ 10: Sentiment
======================================================================
--- Logging error in Loguru Handler #1 ---
Record was: {'elapsed': datetime.timedelta(seconds=1, microseconds=360497), 'exception': None, 'extra': {}, 'file': (name='sentiment.py', path='F:\\AgeeKey\\yun_min\\yunmin\\context\\sentiment.py'), 'function': '__init__', 'level': (name='I
NFO', no=20, icon='\u2139\ufe0f'), 'line': 33, 'message': '\U0001f4f0 Sentiment Analyzer initialized', 'module': 'sentiment', 'name': 'yunmin.context.sentiment', 'process': (id=3128, name='MainProcess'), 'thread': (id=5532, name='MainThread
'), 'time': datetime(2025, 11, 9, 17, 10, 29, 476590, tzinfo=datetime.timezone(datetime.timedelta(seconds=21600), '╓хэЄЁры№эр  └чш  (чшьр)'))}
Traceback (most recent call last):
  File "C:\Users\iclou\AppData\Local\Programs\Python\Python313\Lib\site-packages\loguru\_handler.py", line 206, in emit
    self._sink.write(str_record)
    ~~~~~~~~~~~~~~~~^^^^^^^^^^^^
  File "C:\Users\iclou\AppData\Local\Programs\Python\Python313\Lib\site-packages\loguru\_simple_sinks.py", line 16, in write
    self._stream.write(message)
    ~~~~~~~~~~~~~~~~~~^^^^^^^^^
  File "C:\Users\iclou\AppData\Local\Programs\Python\Python313\Lib\encodings\cp1251.py", line 19, in encode
    return codecs.charmap_encode(input,self.errors,encoding_table)[0]
           ~~~~~~~~~~~~~~~~~~~~~^^^^^^^^^^^^^^^^^^^^^^^^^^^^^^^^^^
UnicodeEncodeError: 'charmap' codec can't encode character '\U0001f4f0' in position 0: character maps to <undefined>
--- End of logging error ---
--- Logging error in Loguru Handler #1 ---
Record was: {'elapsed': datetime.timedelta(seconds=1, microseconds=361702), 'exception': None, 'extra': {}, 'file': (name='test_v4_full_structure.py', path='F:\\AgeeKey\\yun_min\\test_v4_full_structure.py'), 'function': 'test_sentiment', 'l
evel': (name='INFO', no=20, icon='\u2139\ufe0f'), 'line': 300, 'message': '   \u2192 Sentiment Score: 0.00, News: 3', 'module': 'test_v4_full_structure', 'name': '__main__', 'process': (id=3128, name='MainProcess'), 'thread': (id=5532, name
='MainThread'), 'time': datetime(2025, 11, 9, 17, 10, 29, 477795, tzinfo=datetime.timezone(datetime.timedelta(seconds=21600), '╓хэЄЁры№эр  └чш  (чшьр)'))}
Traceback (most recent call last):
  File "C:\Users\iclou\AppData\Local\Programs\Python\Python313\Lib\site-packages\loguru\_handler.py", line 206, in emit
    self._sink.write(str_record)
    ~~~~~~~~~~~~~~~~^^^^^^^^^^^^
  File "C:\Users\iclou\AppData\Local\Programs\Python\Python313\Lib\site-packages\loguru\_simple_sinks.py", line 16, in write
    self._stream.write(message)
    ~~~~~~~~~~~~~~~~~~^^^^^^^^^
  File "C:\Users\iclou\AppData\Local\Programs\Python\Python313\Lib\encodings\cp1251.py", line 19, in encode
    return codecs.charmap_encode(input,self.errors,encoding_table)[0]
           ~~~~~~~~~~~~~~~~~~~~~^^^^^^^^^^^^^^^^^^^^^^^^^^^^^^^^^^
UnicodeEncodeError: 'charmap' codec can't encode character '\u2192' in position 3: character maps to <undefined>
--- End of logging error ---
--- Logging error in Loguru Handler #1 ---
Record was: {'elapsed': datetime.timedelta(seconds=1, microseconds=362589), 'exception': None, 'extra': {}, 'file': (name='test_v4_full_structure.py', path='F:\\AgeeKey\\yun_min\\test_v4_full_structure.py'), 'function': 'test_component', 'l
evel': (name='SUCCESS', no=25, icon='\u2705'), 'line': 33, 'message': '\u2705 Sentiment - ╨└┴╬╥└┼╥', 'module': 'test_v4_full_structure', 'name': '__main__', 'process': (id=3128, name='MainProcess'), 'thread': (id=5532, name='MainThread'), '
time': datetime(2025, 11, 9, 17, 10, 29, 478682, tzinfo=datetime.timezone(datetime.timedelta(seconds=21600), '╓хэЄЁры№эр  └чш  (чшьр)'))}
Traceback (most recent call last):
  File "C:\Users\iclou\AppData\Local\Programs\Python\Python313\Lib\site-packages\loguru\_handler.py", line 206, in emit
    self._sink.write(str_record)
    ~~~~~~~~~~~~~~~~^^^^^^^^^^^^
  File "C:\Users\iclou\AppData\Local\Programs\Python\Python313\Lib\site-packages\loguru\_simple_sinks.py", line 16, in write
    self._stream.write(message)
    ~~~~~~~~~~~~~~~~~~^^^^^^^^^
  File "C:\Users\iclou\AppData\Local\Programs\Python\Python313\Lib\encodings\cp1251.py", line 19, in encode
    return codecs.charmap_encode(input,self.errors,encoding_table)[0]
           ~~~~~~~~~~~~~~~~~~~~~^^^^^^^^^^^^^^^^^^^^^^^^^^^^^^^^^^
UnicodeEncodeError: 'charmap' codec can't encode character '\u2705' in position 0: character maps to <undefined>
--- End of logging error ---

======================================================================
╥хёЄ 11: Correlations
======================================================================
--- Logging error in Loguru Handler #1 ---
Record was: {'elapsed': datetime.timedelta(seconds=1, microseconds=364287), 'exception': None, 'extra': {}, 'file': (name='correlations.py', path='F:\\AgeeKey\\yun_min\\yunmin\\context\\correlations.py'), 'function': '__init__', 'level': (n
ame='INFO', no=20, icon='\u2139\ufe0f'), 'line': 26, 'message': '\U0001f517 Correlation Analyzer initialized', 'module': 'correlations', 'name': 'yunmin.context.correlations', 'process': (id=3128, name='MainProcess'), 'thread': (id=5532, na
me='MainThread'), 'time': datetime(2025, 11, 9, 17, 10, 29, 480380, tzinfo=datetime.timezone(datetime.timedelta(seconds=21600), '╓хэЄЁры№эр  └чш  (чшьр)'))}
Traceback (most recent call last):
  File "C:\Users\iclou\AppData\Local\Programs\Python\Python313\Lib\site-packages\loguru\_handler.py", line 206, in emit
    self._sink.write(str_record)
    ~~~~~~~~~~~~~~~~^^^^^^^^^^^^
  File "C:\Users\iclou\AppData\Local\Programs\Python\Python313\Lib\site-packages\loguru\_simple_sinks.py", line 16, in write
    self._stream.write(message)
    ~~~~~~~~~~~~~~~~~~^^^^^^^^^
  File "C:\Users\iclou\AppData\Local\Programs\Python\Python313\Lib\encodings\cp1251.py", line 19, in encode
    return codecs.charmap_encode(input,self.errors,encoding_table)[0]
           ~~~~~~~~~~~~~~~~~~~~~^^^^^^^^^^^^^^^^^^^^^^^^^^^^^^^^^^
UnicodeEncodeError: 'charmap' codec can't encode character '\U0001f517' in position 0: character maps to <undefined>
--- End of logging error ---
--- Logging error in Loguru Handler #1 ---
Record was: {'elapsed': datetime.timedelta(seconds=1, microseconds=365751), 'exception': None, 'extra': {}, 'file': (name='test_v4_full_structure.py', path='F:\\AgeeKey\\yun_min\\test_v4_full_structure.py'), 'function': 'test_correlations',
 'level': (name='INFO', no=20, icon='\u2139\ufe0f'), 'line': 313, 'message': '   \u2192 Correlation Matrix: (4, 4), Symbols: 4', 'module': 'test_v4_full_structure', 'name': '__main__', 'process': (id=3128, name='MainProcess'), 'thread': (id
=5532, name='MainThread'), 'time': datetime(2025, 11, 9, 17, 10, 29, 481844, tzinfo=datetime.timezone(datetime.timedelta(seconds=21600), '╓хэЄЁры№эр  └чш  (чшьр)'))}
Traceback (most recent call last):
  File "C:\Users\iclou\AppData\Local\Programs\Python\Python313\Lib\site-packages\loguru\_handler.py", line 206, in emit
    self._sink.write(str_record)
    ~~~~~~~~~~~~~~~~^^^^^^^^^^^^
  File "C:\Users\iclou\AppData\Local\Programs\Python\Python313\Lib\site-packages\loguru\_simple_sinks.py", line 16, in write
    self._stream.write(message)
    ~~~~~~~~~~~~~~~~~~^^^^^^^^^
  File "C:\Users\iclou\AppData\Local\Programs\Python\Python313\Lib\encodings\cp1251.py", line 19, in encode
    return codecs.charmap_encode(input,self.errors,encoding_table)[0]
           ~~~~~~~~~~~~~~~~~~~~~^^^^^^^^^^^^^^^^^^^^^^^^^^^^^^^^^^
UnicodeEncodeError: 'charmap' codec can't encode character '\u2192' in position 3: character maps to <undefined>
--- End of logging error ---
--- Logging error in Loguru Handler #1 ---
Record was: {'elapsed': datetime.timedelta(seconds=1, microseconds=366765), 'exception': None, 'extra': {}, 'file': (name='test_v4_full_structure.py', path='F:\\AgeeKey\\yun_min\\test_v4_full_structure.py'), 'function': 'test_component', 'l
evel': (name='SUCCESS', no=25, icon='\u2705'), 'line': 33, 'message': '\u2705 Correlations - ╨└┴╬╥└┼╥', 'module': 'test_v4_full_structure', 'name': '__main__', 'process': (id=3128, name='MainProcess'), 'thread': (id=5532, name='MainThread')
, 'time': datetime(2025, 11, 9, 17, 10, 29, 482858, tzinfo=datetime.timezone(datetime.timedelta(seconds=21600), '╓хэЄЁры№эр  └чш  (чшьр)'))}
Traceback (most recent call last):
  File "C:\Users\iclou\AppData\Local\Programs\Python\Python313\Lib\site-packages\loguru\_handler.py", line 206, in emit
    self._sink.write(str_record)
    ~~~~~~~~~~~~~~~~^^^^^^^^^^^^
  File "C:\Users\iclou\AppData\Local\Programs\Python\Python313\Lib\site-packages\loguru\_simple_sinks.py", line 16, in write
    self._stream.write(message)
    ~~~~~~~~~~~~~~~~~~^^^^^^^^^
  File "C:\Users\iclou\AppData\Local\Programs\Python\Python313\Lib\encodings\cp1251.py", line 19, in encode
    return codecs.charmap_encode(input,self.errors,encoding_table)[0]
           ~~~~~~~~~~~~~~~~~~~~~^^^^^^^^^^^^^^^^^^^^^^^^^^^^^^^^^^
UnicodeEncodeError: 'charmap' codec can't encode character '\u2705' in position 0: character maps to <undefined>
--- End of logging error ---
--- Logging error in Loguru Handler #1 ---
Record was: {'elapsed': datetime.timedelta(seconds=1, microseconds=367716), 'exception': None, 'extra': {}, 'file': (name='test_v4_full_structure.py', path='F:\\AgeeKey\\yun_min\\test_v4_full_structure.py'), 'function': '<module>', 'level':
 (name='INFO', no=20, icon='\u2139\ufe0f'), 'line': 482, 'message': '\n\U0001f9e9 4. REASONING', 'module': 'test_v4_full_structure', 'name': '__main__', 'process': (id=3128, name='MainProcess'), 'thread': (id=5532, name='MainThread'), 'time
': datetime(2025, 11, 9, 17, 10, 29, 483809, tzinfo=datetime.timezone(datetime.timedelta(seconds=21600), '╓хэЄЁры№эр  └чш  (чшьр)'))}
Traceback (most recent call last):
  File "C:\Users\iclou\AppData\Local\Programs\Python\Python313\Lib\site-packages\loguru\_handler.py", line 206, in emit
    self._sink.write(str_record)
    ~~~~~~~~~~~~~~~~^^^^^^^^^^^^
  File "C:\Users\iclou\AppData\Local\Programs\Python\Python313\Lib\site-packages\loguru\_simple_sinks.py", line 16, in write
    self._stream.write(message)
    ~~~~~~~~~~~~~~~~~~^^^^^^^^^
  File "C:\Users\iclou\AppData\Local\Programs\Python\Python313\Lib\encodings\cp1251.py", line 19, in encode
    return codecs.charmap_encode(input,self.errors,encoding_table)[0]
           ~~~~~~~~~~~~~~~~~~~~~^^^^^^^^^^^^^^^^^^^^^^^^^^^^^^^^^^
UnicodeEncodeError: 'charmap' codec can't encode character '\U0001f9e9' in position 2: character maps to <undefined>
--- End of logging error ---

======================================================================
╥хёЄ 12: Chain of Thought
======================================================================
--- Logging error in Loguru Handler #1 ---
Record was: {'elapsed': datetime.timedelta(seconds=1, microseconds=373033), 'exception': None, 'extra': {}, 'file': (name='chain_of_thought.py', path='F:\\AgeeKey\\yun_min\\yunmin\\reasoning\\chain_of_thought.py'), 'function': '__init__', '
level': (name='INFO', no=20, icon='\u2139\ufe0f'), 'line': 26, 'message': '\U0001f9e0 Chain-of-Thought Reasoning initialized', 'module': 'chain_of_thought', 'name': 'yunmin.reasoning.chain_of_thought', 'process': (id=3128, name='MainProcess
'), 'thread': (id=5532, name='MainThread'), 'time': datetime(2025, 11, 9, 17, 10, 29, 489126, tzinfo=datetime.timezone(datetime.timedelta(seconds=21600), '╓хэЄЁры№эр  └чш  (чшьр)'))}
Traceback (most recent call last):
  File "C:\Users\iclou\AppData\Local\Programs\Python\Python313\Lib\site-packages\loguru\_handler.py", line 206, in emit
    self._sink.write(str_record)
    ~~~~~~~~~~~~~~~~^^^^^^^^^^^^
  File "C:\Users\iclou\AppData\Local\Programs\Python\Python313\Lib\site-packages\loguru\_simple_sinks.py", line 16, in write
    self._stream.write(message)
    ~~~~~~~~~~~~~~~~~~^^^^^^^^^
  File "C:\Users\iclou\AppData\Local\Programs\Python\Python313\Lib\encodings\cp1251.py", line 19, in encode
    return codecs.charmap_encode(input,self.errors,encoding_table)[0]
           ~~~~~~~~~~~~~~~~~~~~~^^^^^^^^^^^^^^^^^^^^^^^^^^^^^^^^^^
UnicodeEncodeError: 'charmap' codec can't encode character '\U0001f9e0' in position 0: character maps to <undefined>
--- End of logging error ---
--- Logging error in Loguru Handler #1 ---
Record was: {'elapsed': datetime.timedelta(seconds=1, microseconds=374227), 'exception': None, 'extra': {}, 'file': (name='chain_of_thought.py', path='F:\\AgeeKey\\yun_min\\yunmin\\reasoning\\chain_of_thought.py'), 'function': 'reason', 'le
vel': (name='INFO', no=20, icon='\u2139\ufe0f'), 'line': 83, 'message': '\u2705 Reasoning complete: BUY (confidence: 0.75)', 'module': 'chain_of_thought', 'name': 'yunmin.reasoning.chain_of_thought', 'process': (id=3128, name='MainProcess')
, 'thread': (id=5532, name='MainThread'), 'time': datetime(2025, 11, 9, 17, 10, 29, 490320, tzinfo=datetime.timezone(datetime.timedelta(seconds=21600), '╓хэЄЁры№эр  └чш  (чшьр)'))}
Traceback (most recent call last):
  File "C:\Users\iclou\AppData\Local\Programs\Python\Python313\Lib\site-packages\loguru\_handler.py", line 206, in emit
    self._sink.write(str_record)
    ~~~~~~~~~~~~~~~~^^^^^^^^^^^^
  File "C:\Users\iclou\AppData\Local\Programs\Python\Python313\Lib\site-packages\loguru\_simple_sinks.py", line 16, in write
    self._stream.write(message)
    ~~~~~~~~~~~~~~~~~~^^^^^^^^^
  File "C:\Users\iclou\AppData\Local\Programs\Python\Python313\Lib\encodings\cp1251.py", line 19, in encode
    return codecs.charmap_encode(input,self.errors,encoding_table)[0]
           ~~~~~~~~~~~~~~~~~~~~~^^^^^^^^^^^^^^^^^^^^^^^^^^^^^^^^^^
UnicodeEncodeError: 'charmap' codec can't encode character '\u2705' in position 0: character maps to <undefined>
--- End of logging error ---
--- Logging error in Loguru Handler #1 ---
Record was: {'elapsed': datetime.timedelta(seconds=1, microseconds=376942), 'exception': None, 'extra': {}, 'file': (name='test_v4_full_structure.py', path='F:\\AgeeKey\\yun_min\\test_v4_full_structure.py'), 'function': 'test_chain_of_thoug
ht', 'level': (name='INFO', no=20, icon='\u2139\ufe0f'), 'line': 344, 'message': '   \u2192 Final Decision: BUY, Steps: 6', 'module': 'test_v4_full_structure', 'name': '__main__', 'process': (id=3128, name='MainProcess'), 'thread': (id=5532
, name='MainThread'), 'time': datetime(2025, 11, 9, 17, 10, 29, 493035, tzinfo=datetime.timezone(datetime.timedelta(seconds=21600), '╓хэЄЁры№эр  └чш  (чшьр)'))}
Traceback (most recent call last):
  File "C:\Users\iclou\AppData\Local\Programs\Python\Python313\Lib\site-packages\loguru\_handler.py", line 206, in emit
    self._sink.write(str_record)
    ~~~~~~~~~~~~~~~~^^^^^^^^^^^^
  File "C:\Users\iclou\AppData\Local\Programs\Python\Python313\Lib\site-packages\loguru\_simple_sinks.py", line 16, in write
    self._stream.write(message)
    ~~~~~~~~~~~~~~~~~~^^^^^^^^^
  File "C:\Users\iclou\AppData\Local\Programs\Python\Python313\Lib\encodings\cp1251.py", line 19, in encode
    return codecs.charmap_encode(input,self.errors,encoding_table)[0]
           ~~~~~~~~~~~~~~~~~~~~~^^^^^^^^^^^^^^^^^^^^^^^^^^^^^^^^^^
UnicodeEncodeError: 'charmap' codec can't encode character '\u2192' in position 3: character maps to <undefined>
--- End of logging error ---
--- Logging error in Loguru Handler #1 ---
Record was: {'elapsed': datetime.timedelta(seconds=1, microseconds=378303), 'exception': None, 'extra': {}, 'file': (name='test_v4_full_structure.py', path='F:\\AgeeKey\\yun_min\\test_v4_full_structure.py'), 'function': 'test_component', 'l
evel': (name='SUCCESS', no=25, icon='\u2705'), 'line': 33, 'message': '\u2705 Chain of Thought - ╨└┴╬╥└┼╥', 'module': 'test_v4_full_structure', 'name': '__main__', 'process': (id=3128, name='MainProcess'), 'thread': (id=5532, name='MainThre
ad'), 'time': datetime(2025, 11, 9, 17, 10, 29, 494396, tzinfo=datetime.timezone(datetime.timedelta(seconds=21600), '╓хэЄЁры№эр  └чш  (чшьр)'))}
Traceback (most recent call last):
  File "C:\Users\iclou\AppData\Local\Programs\Python\Python313\Lib\site-packages\loguru\_handler.py", line 206, in emit
    self._sink.write(str_record)
    ~~~~~~~~~~~~~~~~^^^^^^^^^^^^
  File "C:\Users\iclou\AppData\Local\Programs\Python\Python313\Lib\site-packages\loguru\_simple_sinks.py", line 16, in write
    self._stream.write(message)
    ~~~~~~~~~~~~~~~~~~^^^^^^^^^
  File "C:\Users\iclou\AppData\Local\Programs\Python\Python313\Lib\encodings\cp1251.py", line 19, in encode
    return codecs.charmap_encode(input,self.errors,encoding_table)[0]
           ~~~~~~~~~~~~~~~~~~~~~^^^^^^^^^^^^^^^^^^^^^^^^^^^^^^^^^^
UnicodeEncodeError: 'charmap' codec can't encode character '\u2705' in position 0: character maps to <undefined>
--- End of logging error ---

======================================================================
╥хёЄ 13: Ensemble
======================================================================
--- Logging error in Loguru Handler #1 ---
Record was: {'elapsed': datetime.timedelta(seconds=1, microseconds=380323), 'exception': None, 'extra': {}, 'file': (name='ensemble.py', path='F:\\AgeeKey\\yun_min\\yunmin\\reasoning\\ensemble.py'), 'function': '__init__', 'level': (name='I
NFO', no=20, icon='\u2139\ufe0f'), 'line': 31, 'message': '\U0001f91d Ensemble Decision Maker initialized (method=voting)', 'module': 'ensemble', 'name': 'yunmin.reasoning.ensemble', 'process': (id=3128, name='MainProcess'), 'thread': (id=5
532, name='MainThread'), 'time': datetime(2025, 11, 9, 17, 10, 29, 496416, tzinfo=datetime.timezone(datetime.timedelta(seconds=21600), '╓хэЄЁры№эр  └чш  (чшьр)'))}
Traceback (most recent call last):
  File "C:\Users\iclou\AppData\Local\Programs\Python\Python313\Lib\site-packages\loguru\_handler.py", line 206, in emit
    self._sink.write(str_record)
    ~~~~~~~~~~~~~~~~^^^^^^^^^^^^
  File "C:\Users\iclou\AppData\Local\Programs\Python\Python313\Lib\site-packages\loguru\_simple_sinks.py", line 16, in write
    self._stream.write(message)
    ~~~~~~~~~~~~~~~~~~^^^^^^^^^
  File "C:\Users\iclou\AppData\Local\Programs\Python\Python313\Lib\encodings\cp1251.py", line 19, in encode
    return codecs.charmap_encode(input,self.errors,encoding_table)[0]
           ~~~~~~~~~~~~~~~~~~~~~^^^^^^^^^^^^^^^^^^^^^^^^^^^^^^^^^^
UnicodeEncodeError: 'charmap' codec can't encode character '\U0001f91d' in position 0: character maps to <undefined>
--- End of logging error ---
--- Logging error in Loguru Handler #1 ---
Record was: {'elapsed': datetime.timedelta(seconds=1, microseconds=381593), 'exception': None, 'extra': {}, 'file': (name='ensemble.py', path='F:\\AgeeKey\\yun_min\\yunmin\\reasoning\\ensemble.py'), 'function': 'decide', 'level': (name='INF
O', no=20, icon='\u2139\ufe0f'), 'line': 65, 'message': '\u2705 Ensemble decision: BUY (confidence: 0.75)', 'module': 'ensemble', 'name': 'yunmin.reasoning.ensemble', 'process': (id=3128, name='MainProcess'), 'thread': (id=5532, name='MainT
hread'), 'time': datetime(2025, 11, 9, 17, 10, 29, 497686, tzinfo=datetime.timezone(datetime.timedelta(seconds=21600), '╓хэЄЁры№эр  └чш  (чшьр)'))}
Traceback (most recent call last):
  File "C:\Users\iclou\AppData\Local\Programs\Python\Python313\Lib\site-packages\loguru\_handler.py", line 206, in emit
    self._sink.write(str_record)
    ~~~~~~~~~~~~~~~~^^^^^^^^^^^^
  File "C:\Users\iclou\AppData\Local\Programs\Python\Python313\Lib\site-packages\loguru\_simple_sinks.py", line 16, in write
    self._stream.write(message)
    ~~~~~~~~~~~~~~~~~~^^^^^^^^^
  File "C:\Users\iclou\AppData\Local\Programs\Python\Python313\Lib\encodings\cp1251.py", line 19, in encode
    return codecs.charmap_encode(input,self.errors,encoding_table)[0]
           ~~~~~~~~~~~~~~~~~~~~~^^^^^^^^^^^^^^^^^^^^^^^^^^^^^^^^^^
UnicodeEncodeError: 'charmap' codec can't encode character '\u2705' in position 0: character maps to <undefined>
--- End of logging error ---
--- Logging error in Loguru Handler #1 ---
Record was: {'elapsed': datetime.timedelta(seconds=1, microseconds=382713), 'exception': None, 'extra': {}, 'file': (name='test_v4_full_structure.py', path='F:\\AgeeKey\\yun_min\\test_v4_full_structure.py'), 'function': 'test_ensemble', 'le
vel': (name='INFO', no=20, icon='\u2139\ufe0f'), 'line': 364, 'message': '   \u2192 Ensemble Decision: BUY (confidence=0.75)', 'module': 'test_v4_full_structure', 'name': '__main__', 'process': (id=3128, name='MainProcess'), 'thread': (id=5
532, name='MainThread'), 'time': datetime(2025, 11, 9, 17, 10, 29, 498806, tzinfo=datetime.timezone(datetime.timedelta(seconds=21600), '╓хэЄЁры№эр  └чш  (чшьр)'))}
Traceback (most recent call last):
  File "C:\Users\iclou\AppData\Local\Programs\Python\Python313\Lib\site-packages\loguru\_handler.py", line 206, in emit
    self._sink.write(str_record)
    ~~~~~~~~~~~~~~~~^^^^^^^^^^^^
  File "C:\Users\iclou\AppData\Local\Programs\Python\Python313\Lib\site-packages\loguru\_simple_sinks.py", line 16, in write
    self._stream.write(message)
    ~~~~~~~~~~~~~~~~~~^^^^^^^^^
  File "C:\Users\iclou\AppData\Local\Programs\Python\Python313\Lib\encodings\cp1251.py", line 19, in encode
    return codecs.charmap_encode(input,self.errors,encoding_table)[0]
           ~~~~~~~~~~~~~~~~~~~~~^^^^^^^^^^^^^^^^^^^^^^^^^^^^^^^^^^
UnicodeEncodeError: 'charmap' codec can't encode character '\u2192' in position 3: character maps to <undefined>
--- End of logging error ---
--- Logging error in Loguru Handler #1 ---
Record was: {'elapsed': datetime.timedelta(seconds=1, microseconds=384591), 'exception': None, 'extra': {}, 'file': (name='test_v4_full_structure.py', path='F:\\AgeeKey\\yun_min\\test_v4_full_structure.py'), 'function': 'test_component', 'l
evel': (name='SUCCESS', no=25, icon='\u2705'), 'line': 33, 'message': '\u2705 Ensemble - ╨└┴╬╥└┼╥', 'module': 'test_v4_full_structure', 'name': '__main__', 'process': (id=3128, name='MainProcess'), 'thread': (id=5532, name='MainThread'), 't
ime': datetime(2025, 11, 9, 17, 10, 29, 500684, tzinfo=datetime.timezone(datetime.timedelta(seconds=21600), '╓хэЄЁры№эр  └чш  (чшьр)'))}
Traceback (most recent call last):
  File "C:\Users\iclou\AppData\Local\Programs\Python\Python313\Lib\site-packages\loguru\_handler.py", line 206, in emit
    self._sink.write(str_record)
    ~~~~~~~~~~~~~~~~^^^^^^^^^^^^
  File "C:\Users\iclou\AppData\Local\Programs\Python\Python313\Lib\site-packages\loguru\_simple_sinks.py", line 16, in write
    self._stream.write(message)
    ~~~~~~~~~~~~~~~~~~^^^^^^^^^
  File "C:\Users\iclou\AppData\Local\Programs\Python\Python313\Lib\encodings\cp1251.py", line 19, in encode
    return codecs.charmap_encode(input,self.errors,encoding_table)[0]
           ~~~~~~~~~~~~~~~~~~~~~^^^^^^^^^^^^^^^^^^^^^^^^^^^^^^^^^^
UnicodeEncodeError: 'charmap' codec can't encode character '\u2705' in position 0: character maps to <undefined>
--- End of logging error ---

======================================================================
╥хёЄ 14: Confidence Calibrator
======================================================================
--- Logging error in Loguru Handler #1 ---
Record was: {'elapsed': datetime.timedelta(seconds=1, microseconds=385783), 'exception': None, 'extra': {}, 'file': (name='confidence.py', path='F:\\AgeeKey\\yun_min\\yunmin\\reasoning\\confidence.py'), 'function': '__init__', 'level': (nam
e='INFO', no=20, icon='\u2139\ufe0f'), 'line': 25, 'message': '\U0001f4ca Confidence Calibrator initialized', 'module': 'confidence', 'name': 'yunmin.reasoning.confidence', 'process': (id=3128, name='MainProcess'), 'thread': (id=5532, name=
'MainThread'), 'time': datetime(2025, 11, 9, 17, 10, 29, 501876, tzinfo=datetime.timezone(datetime.timedelta(seconds=21600), '╓хэЄЁры№эр  └чш  (чшьр)'))}
Traceback (most recent call last):
  File "C:\Users\iclou\AppData\Local\Programs\Python\Python313\Lib\site-packages\loguru\_handler.py", line 206, in emit
    self._sink.write(str_record)
    ~~~~~~~~~~~~~~~~^^^^^^^^^^^^
  File "C:\Users\iclou\AppData\Local\Programs\Python\Python313\Lib\site-packages\loguru\_simple_sinks.py", line 16, in write
    self._stream.write(message)
    ~~~~~~~~~~~~~~~~~~^^^^^^^^^
  File "C:\Users\iclou\AppData\Local\Programs\Python\Python313\Lib\encodings\cp1251.py", line 19, in encode
    return codecs.charmap_encode(input,self.errors,encoding_table)[0]
           ~~~~~~~~~~~~~~~~~~~~~^^^^^^^^^^^^^^^^^^^^^^^^^^^^^^^^^^
UnicodeEncodeError: 'charmap' codec can't encode character '\U0001f4ca' in position 0: character maps to <undefined>
--- End of logging error ---
--- Logging error in Loguru Handler #1 ---
Record was: {'elapsed': datetime.timedelta(seconds=1, microseconds=386506), 'exception': None, 'extra': {}, 'file': (name='test_v4_full_structure.py', path='F:\\AgeeKey\\yun_min\\test_v4_full_structure.py'), 'function': 'test_confidence', '
level': (name='INFO', no=20, icon='\u2139\ufe0f'), 'line': 384, 'message': '   \u2192 Raw: 0.85 \u2192 Calibrated: 0.67', 'module': 'test_v4_full_structure', 'name': '__main__', 'process': (id=3128, name='MainProcess'), 'thread': (id=5532, 
name='MainThread'), 'time': datetime(2025, 11, 9, 17, 10, 29, 502599, tzinfo=datetime.timezone(datetime.timedelta(seconds=21600), '╓хэЄЁры№эр  └чш  (чшьр)'))}
Traceback (most recent call last):
  File "C:\Users\iclou\AppData\Local\Programs\Python\Python313\Lib\site-packages\loguru\_handler.py", line 206, in emit
    self._sink.write(str_record)
    ~~~~~~~~~~~~~~~~^^^^^^^^^^^^
  File "C:\Users\iclou\AppData\Local\Programs\Python\Python313\Lib\site-packages\loguru\_simple_sinks.py", line 16, in write
    self._stream.write(message)
    ~~~~~~~~~~~~~~~~~~^^^^^^^^^
  File "C:\Users\iclou\AppData\Local\Programs\Python\Python313\Lib\encodings\cp1251.py", line 19, in encode
    return codecs.charmap_encode(input,self.errors,encoding_table)[0]
           ~~~~~~~~~~~~~~~~~~~~~^^^^^^^^^^^^^^^^^^^^^^^^^^^^^^^^^^
UnicodeEncodeError: 'charmap' codec can't encode character '\u2192' in position 3: character maps to <undefined>
--- End of logging error ---
--- Logging error in Loguru Handler #1 ---
Record was: {'elapsed': datetime.timedelta(seconds=1, microseconds=387425), 'exception': None, 'extra': {}, 'file': (name='test_v4_full_structure.py', path='F:\\AgeeKey\\yun_min\\test_v4_full_structure.py'), 'function': 'test_component', 'l
evel': (name='SUCCESS', no=25, icon='\u2705'), 'line': 33, 'message': '\u2705 Confidence Calibrator - ╨└┴╬╥└┼╥', 'module': 'test_v4_full_structure', 'name': '__main__', 'process': (id=3128, name='MainProcess'), 'thread': (id=5532, name='Mai
nThread'), 'time': datetime(2025, 11, 9, 17, 10, 29, 503518, tzinfo=datetime.timezone(datetime.timedelta(seconds=21600), '╓хэЄЁры№эр  └чш  (чшьр)'))}
Traceback (most recent call last):
  File "C:\Users\iclou\AppData\Local\Programs\Python\Python313\Lib\site-packages\loguru\_handler.py", line 206, in emit
    self._sink.write(str_record)
    ~~~~~~~~~~~~~~~~^^^^^^^^^^^^
  File "C:\Users\iclou\AppData\Local\Programs\Python\Python313\Lib\site-packages\loguru\_simple_sinks.py", line 16, in write
    self._stream.write(message)
    ~~~~~~~~~~~~~~~~~~^^^^^^^^^
  File "C:\Users\iclou\AppData\Local\Programs\Python\Python313\Lib\encodings\cp1251.py", line 19, in encode
    return codecs.charmap_encode(input,self.errors,encoding_table)[0]
           ~~~~~~~~~~~~~~~~~~~~~^^^^^^^^^^^^^^^^^^^^^^^^^^^^^^^^^^
UnicodeEncodeError: 'charmap' codec can't encode character '\u2705' in position 0: character maps to <undefined>
--- End of logging error ---
--- Logging error in Loguru Handler #1 ---
Record was: {'elapsed': datetime.timedelta(seconds=1, microseconds=388520), 'exception': None, 'extra': {}, 'file': (name='test_v4_full_structure.py', path='F:\\AgeeKey\\yun_min\\test_v4_full_structure.py'), 'function': '<module>', 'level':
 (name='INFO', no=20, icon='\u2139\ufe0f'), 'line': 488, 'message': '\n\U0001f4da 5. LEARNING', 'module': 'test_v4_full_structure', 'name': '__main__', 'process': (id=3128, name='MainProcess'), 'thread': (id=5532, name='MainThread'), 'time'
: datetime(2025, 11, 9, 17, 10, 29, 504613, tzinfo=datetime.timezone(datetime.timedelta(seconds=21600), '╓хэЄЁры№эр  └чш  (чшьр)'))}
Traceback (most recent call last):

======================================================================
╥хёЄ 15: Backtest Analyzer
======================================================================
  File "C:\Users\iclou\AppData\Local\Programs\Python\Python313\Lib\site-packages\loguru\_handler.py", line 206, in emit
    self._sink.write(str_record)
    ~~~~~~~~~~~~~~~~^^^^^^^^^^^^
  File "C:\Users\iclou\AppData\Local\Programs\Python\Python313\Lib\site-packages\loguru\_simple_sinks.py", line 16, in write
    self._stream.write(message)
    ~~~~~~~~~~~~~~~~~~^^^^^^^^^
  File "C:\Users\iclou\AppData\Local\Programs\Python\Python313\Lib\encodings\cp1251.py", line 19, in encode
    return codecs.charmap_encode(input,self.errors,encoding_table)[0]
           ~~~~~~~~~~~~~~~~~~~~~^^^^^^^^^^^^^^^^^^^^^^^^^^^^^^^^^^
UnicodeEncodeError: 'charmap' codec can't encode character '\U0001f4da' in position 2: character maps to <undefined>
--- End of logging error ---
--- Logging error in Loguru Handler #1 ---
Record was: {'elapsed': datetime.timedelta(seconds=1, microseconds=392763), 'exception': None, 'extra': {}, 'file': (name='backtest_analyzer.py', path='F:\\AgeeKey\\yun_min\\yunmin\\learning\\backtest_analyzer.py'), 'function': '__init__', 
'level': (name='INFO', no=20, icon='\u2139\ufe0f'), 'line': 28, 'message': '\U0001f4c8 Backtest Analyzer initialized', 'module': 'backtest_analyzer', 'name': 'yunmin.learning.backtest_analyzer', 'process': (id=3128, name='MainProcess'), 'th
read': (id=5532, name='MainThread'), 'time': datetime(2025, 11, 9, 17, 10, 29, 508856, tzinfo=datetime.timezone(datetime.timedelta(seconds=21600), '╓хэЄЁры№эр  └чш  (чшьр)'))}
Traceback (most recent call last):
  File "C:\Users\iclou\AppData\Local\Programs\Python\Python313\Lib\site-packages\loguru\_handler.py", line 206, in emit
    self._sink.write(str_record)
    ~~~~~~~~~~~~~~~~^^^^^^^^^^^^
  File "C:\Users\iclou\AppData\Local\Programs\Python\Python313\Lib\site-packages\loguru\_simple_sinks.py", line 16, in write
    self._stream.write(message)
    ~~~~~~~~~~~~~~~~~~^^^^^^^^^
  File "C:\Users\iclou\AppData\Local\Programs\Python\Python313\Lib\encodings\cp1251.py", line 19, in encode
    return codecs.charmap_encode(input,self.errors,encoding_table)[0]
           ~~~~~~~~~~~~~~~~~~~~~^^^^^^^^^^^^^^^^^^^^^^^^^^^^^^^^^^
UnicodeEncodeError: 'charmap' codec can't encode character '\U0001f4c8' in position 0: character maps to <undefined>
--- End of logging error ---
--- Logging error in Loguru Handler #1 ---
Record was: {'elapsed': datetime.timedelta(seconds=1, microseconds=396961), 'exception': None, 'extra': {}, 'file': (name='test_v4_full_structure.py', path='F:\\AgeeKey\\yun_min\\test_v4_full_structure.py'), 'function': 'test_backtest_analy
zer', 'level': (name='INFO', no=20, icon='\u2139\ufe0f'), 'line': 408, 'message': '   \u2192 Total Trades: 3, Win Rate: 66.7%', 'module': 'test_v4_full_structure', 'name': '__main__', 'process': (id=3128, name='MainProcess'), 'thread': (id=
5532, name='MainThread'), 'time': datetime(2025, 11, 9, 17, 10, 29, 513054, tzinfo=datetime.timezone(datetime.timedelta(seconds=21600), '╓хэЄЁры№эр  └чш  (чшьр)'))}
Traceback (most recent call last):
  File "C:\Users\iclou\AppData\Local\Programs\Python\Python313\Lib\site-packages\loguru\_handler.py", line 206, in emit
    self._sink.write(str_record)
    ~~~~~~~~~~~~~~~~^^^^^^^^^^^^
  File "C:\Users\iclou\AppData\Local\Programs\Python\Python313\Lib\site-packages\loguru\_simple_sinks.py", line 16, in write
    self._stream.write(message)
    ~~~~~~~~~~~~~~~~~~^^^^^^^^^
  File "C:\Users\iclou\AppData\Local\Programs\Python\Python313\Lib\encodings\cp1251.py", line 19, in encode
    return codecs.charmap_encode(input,self.errors,encoding_table)[0]
           ~~~~~~~~~~~~~~~~~~~~~^^^^^^^^^^^^^^^^^^^^^^^^^^^^^^^^^^
UnicodeEncodeError: 'charmap' codec can't encode character '\u2192' in position 3: character maps to <undefined>
--- End of logging error ---
--- Logging error in Loguru Handler #1 ---
Record was: {'elapsed': datetime.timedelta(seconds=1, microseconds=397772), 'exception': None, 'extra': {}, 'file': (name='test_v4_full_structure.py', path='F:\\AgeeKey\\yun_min\\test_v4_full_structure.py'), 'function': 'test_component', 'l
evel': (name='SUCCESS', no=25, icon='\u2705'), 'line': 33, 'message': '\u2705 Backtest Analyzer - ╨└┴╬╥└┼╥', 'module': 'test_v4_full_structure', 'name': '__main__', 'process': (id=3128, name='MainProcess'), 'thread': (id=5532, name='MainThr
ead'), 'time': datetime(2025, 11, 9, 17, 10, 29, 513865, tzinfo=datetime.timezone(datetime.timedelta(seconds=21600), '╓хэЄЁры№эр  └чш  (чшьр)'))}
Traceback (most recent call last):
  File "C:\Users\iclou\AppData\Local\Programs\Python\Python313\Lib\site-packages\loguru\_handler.py", line 206, in emit
    self._sink.write(str_record)
    ~~~~~~~~~~~~~~~~^^^^^^^^^^^^
  File "C:\Users\iclou\AppData\Local\Programs\Python\Python313\Lib\site-packages\loguru\_simple_sinks.py", line 16, in write
    self._stream.write(message)
    ~~~~~~~~~~~~~~~~~~^^^^^^^^^
  File "C:\Users\iclou\AppData\Local\Programs\Python\Python313\Lib\encodings\cp1251.py", line 19, in encode
    return codecs.charmap_encode(input,self.errors,encoding_table)[0]
           ~~~~~~~~~~~~~~~~~~~~~^^^^^^^^^^^^^^^^^^^^^^^^^^^^^^^^^^
UnicodeEncodeError: 'charmap' codec can't encode character '\u2705' in position 0: character maps to <undefined>
--- End of logging error ---

======================================================================
╥хёЄ 16: Strategy Optimizer
======================================================================
--- Logging error in Loguru Handler #1 ---
Record was: {'elapsed': datetime.timedelta(seconds=1, microseconds=398693), 'exception': None, 'extra': {}, 'file': (name='strategy_optimizer.py', path='F:\\AgeeKey\\yun_min\\yunmin\\learning\\strategy_optimizer.py'), 'function': '__init__'
, 'level': (name='INFO', no=20, icon='\u2139\ufe0f'), 'line': 33, 'message': '\U0001f3af Strategy Optimizer initialized (method=random)', 'module': 'strategy_optimizer', 'name': 'yunmin.learning.strategy_optimizer', 'process': (id=3128, nam
e='MainProcess'), 'thread': (id=5532, name='MainThread'), 'time': datetime(2025, 11, 9, 17, 10, 29, 514786, tzinfo=datetime.timezone(datetime.timedelta(seconds=21600), '╓хэЄЁры№эр  └чш  (чшьр)'))}
Traceback (most recent call last):
  File "C:\Users\iclou\AppData\Local\Programs\Python\Python313\Lib\site-packages\loguru\_handler.py", line 206, in emit
    self._sink.write(str_record)
    ~~~~~~~~~~~~~~~~^^^^^^^^^^^^
  File "C:\Users\iclou\AppData\Local\Programs\Python\Python313\Lib\site-packages\loguru\_simple_sinks.py", line 16, in write
    self._stream.write(message)
    ~~~~~~~~~~~~~~~~~~^^^^^^^^^
  File "C:\Users\iclou\AppData\Local\Programs\Python\Python313\Lib\encodings\cp1251.py", line 19, in encode
    return codecs.charmap_encode(input,self.errors,encoding_table)[0]
           ~~~~~~~~~~~~~~~~~~~~~^^^^^^^^^^^^^^^^^^^^^^^^^^^^^^^^^^
UnicodeEncodeError: 'charmap' codec can't encode character '\U0001f3af' in position 0: character maps to <undefined>
--- End of logging error ---
Starting random optimization with 5 iterations
--- Logging error in Loguru Handler #1 ---
Record was: {'elapsed': datetime.timedelta(seconds=1, microseconds=399478), 'exception': None, 'extra': {}, 'file': (name='test_v4_full_structure.py', path='F:\\AgeeKey\\yun_min\\test_v4_full_structure.py'), 'function': 'test_component', 'l
evel': (name='ERROR', no=40, icon='\u274c'), 'line': 37, 'message': '\u274c Strategy Optimizer - ╬╪╚┴╩└', 'module': 'test_v4_full_structure', 'name': '__main__', 'process': (id=3128, name='MainProcess'), 'thread': (id=5532, name='MainThread
'), 'time': datetime(2025, 11, 9, 17, 10, 29, 515571, tzinfo=datetime.timezone(datetime.timedelta(seconds=21600), '╓хэЄЁры№эр  └чш  (чшьр)'))}
Traceback (most recent call last):
  File "F:\AgeeKey\yun_min\test_v4_full_structure.py", line 32, in test_component
    test_func()
    ~~~~~~~~~^^
  File "F:\AgeeKey\yun_min\test_v4_full_structure.py", line 427, in test_strategy_optimizer
    best_params = optimizer.optimize(param_space, objective, n_trials=5)
  File "F:\AgeeKey\yun_min\yunmin\learning\strategy_optimizer.py", line 65, in optimize
    result = self._random_search(objective_function, param_space, n_iterations, maximize)
  File "F:\AgeeKey\yun_min\yunmin\learning\strategy_optimizer.py", line 127, in _random_search
    score = objective_function(**params)
  File "F:\AgeeKey\yun_min\test_v4_full_structure.py", line 425, in objective
    return params['confidence_min'] * 0.1 + (80 - params['rsi_threshold']) * 0.01
           ~~~~~~~~~~~~~~~~~~~~~~~~~^~~~~
TypeError: can't multiply sequence by non-int of type 'float'

During handling of the above exception, another exception occurred:

Traceback (most recent call last):
  File "C:\Users\iclou\AppData\Local\Programs\Python\Python313\Lib\site-packages\loguru\_handler.py", line 206, in emit
    self._sink.write(str_record)
    ~~~~~~~~~~~~~~~~^^^^^^^^^^^^
  File "C:\Users\iclou\AppData\Local\Programs\Python\Python313\Lib\site-packages\loguru\_simple_sinks.py", line 16, in write
    self._stream.write(message)
    ~~~~~~~~~~~~~~~~~~^^^^^^^^^
  File "C:\Users\iclou\AppData\Local\Programs\Python\Python313\Lib\encodings\cp1251.py", line 19, in encode
    return codecs.charmap_encode(input,self.errors,encoding_table)[0]
           ~~~~~~~~~~~~~~~~~~~~~^^^^^^^^^^^^^^^^^^^^^^^^^^^^^^^^^^
UnicodeEncodeError: 'charmap' codec can't encode character '\u274c' in position 0: character maps to <undefined>
--- End of logging error ---
   can't multiply sequence by non-int of type 'float'

======================================================================
╥хёЄ 17: Performance Tracker
======================================================================
--- Logging error in Loguru Handler #1 ---
Record was: {'elapsed': datetime.timedelta(seconds=1, microseconds=403788), 'exception': None, 'extra': {}, 'file': (name='performance_tracker.py', path='F:\\AgeeKey\\yun_min\\yunmin\\learning\\performance_tracker.py'), 'function': '__init_
_', 'level': (name='INFO', no=20, icon='\u2139\ufe0f'), 'line': 39, 'message': '\U0001f4ca Performance Tracker initialized', 'module': 'performance_tracker', 'name': 'yunmin.learning.performance_tracker', 'process': (id=3128, name='MainProc
ess'), 'thread': (id=5532, name='MainThread'), 'time': datetime(2025, 11, 9, 17, 10, 29, 519881, tzinfo=datetime.timezone(datetime.timedelta(seconds=21600), '╓хэЄЁры№эр  └чш  (чшьр)'))}
Traceback (most recent call last):
  File "C:\Users\iclou\AppData\Local\Programs\Python\Python313\Lib\site-packages\loguru\_handler.py", line 206, in emit
    self._sink.write(str_record)
    ~~~~~~~~~~~~~~~~^^^^^^^^^^^^
  File "C:\Users\iclou\AppData\Local\Programs\Python\Python313\Lib\site-packages\loguru\_simple_sinks.py", line 16, in write
    self._stream.write(message)
    ~~~~~~~~~~~~~~~~~~^^^^^^^^^
  File "C:\Users\iclou\AppData\Local\Programs\Python\Python313\Lib\encodings\cp1251.py", line 19, in encode
    return codecs.charmap_encode(input,self.errors,encoding_table)[0]
           ~~~~~~~~~~~~~~~~~~~~~^^^^^^^^^^^^^^^^^^^^^^^^^^^^^^^^^^
UnicodeEncodeError: 'charmap' codec can't encode character '\U0001f4ca' in position 0: character maps to <undefined>
--- End of logging error ---
--- Logging error in Loguru Handler #1 ---
Record was: {'elapsed': datetime.timedelta(seconds=1, microseconds=404683), 'exception': None, 'extra': {}, 'file': (name='test_v4_full_structure.py', path='F:\\AgeeKey\\yun_min\\test_v4_full_structure.py'), 'function': 'test_performance_tr
acker', 'level': (name='INFO', no=20, icon='\u2139\ufe0f'), 'line': 449, 'message': '   \u2192 Total PnL: 200, Avg Confidence: 0.78', 'module': 'test_v4_full_structure', 'name': '__main__', 'process': (id=3128, name='MainProcess'), 'thread'
: (id=5532, name='MainThread'), 'time': datetime(2025, 11, 9, 17, 10, 29, 520776, tzinfo=datetime.timezone(datetime.timedelta(seconds=21600), '╓хэЄЁры№эр  └чш  (чшьр)'))}
Traceback (most recent call last):
  File "C:\Users\iclou\AppData\Local\Programs\Python\Python313\Lib\site-packages\loguru\_handler.py", line 206, in emit
    self._sink.write(str_record)
    ~~~~~~~~~~~~~~~~^^^^^^^^^^^^
  File "C:\Users\iclou\AppData\Local\Programs\Python\Python313\Lib\site-packages\loguru\_simple_sinks.py", line 16, in write
    self._stream.write(message)
    ~~~~~~~~~~~~~~~~~~^^^^^^^^^
  File "C:\Users\iclou\AppData\Local\Programs\Python\Python313\Lib\encodings\cp1251.py", line 19, in encode
    return codecs.charmap_encode(input,self.errors,encoding_table)[0]
           ~~~~~~~~~~~~~~~~~~~~~^^^^^^^^^^^^^^^^^^^^^^^^^^^^^^^^^^
UnicodeEncodeError: 'charmap' codec can't encode character '\u2192' in position 3: character maps to <undefined>
--- End of logging error ---
--- Logging error in Loguru Handler #1 ---
Record was: {'elapsed': datetime.timedelta(seconds=1, microseconds=405762), 'exception': None, 'extra': {}, 'file': (name='test_v4_full_structure.py', path='F:\\AgeeKey\\yun_min\\test_v4_full_structure.py'), 'function': 'test_component', 'l
evel': (name='SUCCESS', no=25, icon='\u2705'), 'line': 33, 'message': '\u2705 Performance Tracker - ╨└┴╬╥└┼╥', 'module': 'test_v4_full_structure', 'name': '__main__', 'process': (id=3128, name='MainProcess'), 'thread': (id=5532, name='MainT
hread'), 'time': datetime(2025, 11, 9, 17, 10, 29, 521855, tzinfo=datetime.timezone(datetime.timedelta(seconds=21600), '╓хэЄЁры№эр  └чш  (чшьр)'))}
Traceback (most recent call last):
  File "C:\Users\iclou\AppData\Local\Programs\Python\Python313\Lib\site-packages\loguru\_handler.py", line 206, in emit
    self._sink.write(str_record)
    ~~~~~~~~~~~~~~~~^^^^^^^^^^^^
  File "C:\Users\iclou\AppData\Local\Programs\Python\Python313\Lib\site-packages\loguru\_simple_sinks.py", line 16, in write
    self._stream.write(message)
    ~~~~~~~~~~~~~~~~~~^^^^^^^^^
  File "C:\Users\iclou\AppData\Local\Programs\Python\Python313\Lib\encodings\cp1251.py", line 19, in encode
    return codecs.charmap_encode(input,self.errors,encoding_table)[0]
           ~~~~~~~~~~~~~~~~~~~~~^^^^^^^^^^^^^^^^^^^^^^^^^^^^^^^^^^
UnicodeEncodeError: 'charmap' codec can't encode character '\u2705' in position 0: character maps to <undefined>
--- End of logging error ---

======================================================================
--- Logging error in Loguru Handler #1 ---
Record was: {'elapsed': datetime.timedelta(seconds=1, microseconds=407002), 'exception': None, 'extra': {}, 'file': (name='test_v4_full_structure.py', path='F:\\AgeeKey\\yun_min\\test_v4_full_structure.py'), 'function': '<module>', 'level':
 (name='INFO', no=20, icon='\u2139\ufe0f'), 'line': 495, 'message': '\U0001f4cb ╚╥╬├╬┬█╔ ╬╥╫┼╥', 'module': 'test_v4_full_structure', 'name': '__main__', 'process': (id=3128, name='MainProcess'), 'thread': (id=5532, name='MainThread'), 'time
': datetime(2025, 11, 9, 17, 10, 29, 523095, tzinfo=datetime.timezone(datetime.timedelta(seconds=21600), '╓хэЄЁры№эр  └чш  (чшьр)'))}
Traceback (most recent call last):
  File "C:\Users\iclou\AppData\Local\Programs\Python\Python313\Lib\site-packages\loguru\_handler.py", line 206, in emit
    self._sink.write(str_record)
    ~~~~~~~~~~~~~~~~^^^^^^^^^^^^
  File "C:\Users\iclou\AppData\Local\Programs\Python\Python313\Lib\site-packages\loguru\_simple_sinks.py", line 16, in write
    self._stream.write(message)
    ~~~~~~~~~~~~~~~~~~^^^^^^^^^
  File "C:\Users\iclou\AppData\Local\Programs\Python\Python313\Lib\encodings\cp1251.py", line 19, in encode
    return codecs.charmap_encode(input,self.errors,encoding_table)[0]
           ~~~~~~~~~~~~~~~~~~~~~^^^^^^^^^^^^^^^^^^^^^^^^^^^^^^^^^^
UnicodeEncodeError: 'charmap' codec can't encode character '\U0001f4cb' in position 0: character maps to <undefined>
--- End of logging error ---
======================================================================
┬ёхую ЄхёЄют: 17
--- Logging error in Loguru Handler #1 ---
Record was: {'elapsed': datetime.timedelta(seconds=1, microseconds=408240), 'exception': None, 'extra': {}, 'file': (name='test_v4_full_structure.py', path='F:\\AgeeKey\\yun_min\\test_v4_full_structure.py'), 'function': '<module>', 'level':
 (name='SUCCESS', no=25, icon='\u2705'), 'line': 498, 'message': '\u2705 ╙ёях°эю: 15', 'module': 'test_v4_full_structure', 'name': '__main__', 'process': (id=3128, name='MainProcess'), 'thread': (id=5532, name='MainThread'), 'time': datetim
e(2025, 11, 9, 17, 10, 29, 524333, tzinfo=datetime.timezone(datetime.timedelta(seconds=21600), '╓хэЄЁры№эр  └чш  (чшьр)'))}
Traceback (most recent call last):
  File "C:\Users\iclou\AppData\Local\Programs\Python\Python313\Lib\site-packages\loguru\_handler.py", line 206, in emit
    self._sink.write(str_record)
    ~~~~~~~~~~~~~~~~^^^^^^^^^^^^
  File "C:\Users\iclou\AppData\Local\Programs\Python\Python313\Lib\site-packages\loguru\_simple_sinks.py", line 16, in write
    self._stream.write(message)
    ~~~~~~~~~~~~~~~~~~^^^^^^^^^
  File "C:\Users\iclou\AppData\Local\Programs\Python\Python313\Lib\encodings\cp1251.py", line 19, in encode
    return codecs.charmap_encode(input,self.errors,encoding_table)[0]
           ~~~~~~~~~~~~~~~~~~~~~^^^^^^^^^^^^^^^^^^^^^^^^^^^^^^^^^^
UnicodeEncodeError: 'charmap' codec can't encode character '\u2705' in position 0: character maps to <undefined>
--- End of logging error ---
--- Logging error in Loguru Handler #1 ---
Record was: {'elapsed': datetime.timedelta(seconds=1, microseconds=409424), 'exception': None, 'extra': {}, 'file': (name='test_v4_full_structure.py', path='F:\\AgeeKey\\yun_min\\test_v4_full_structure.py'), 'function': '<module>', 'level':
 (name='ERROR', no=40, icon='\u274c'), 'line': 501, 'message': '\u274c ╧Ёютрыхэю: 2', 'module': 'test_v4_full_structure', 'name': '__main__', 'process': (id=3128, name='MainProcess'), 'thread': (id=5532, name='MainThread'), 'time': datetime
(2025, 11, 9, 17, 10, 29, 525517, tzinfo=datetime.timezone(datetime.timedelta(seconds=21600), '╓хэЄЁры№эр  └чш  (чшьр)'))}
Traceback (most recent call last):
  File "C:\Users\iclou\AppData\Local\Programs\Python\Python313\Lib\site-packages\loguru\_handler.py", line 206, in emit
    self._sink.write(str_record)
    ~~~~~~~~~~~~~~~~^^^^^^^^^^^^
  File "C:\Users\iclou\AppData\Local\Programs\Python\Python313\Lib\site-packages\loguru\_simple_sinks.py", line 16, in write
    self._stream.write(message)
    ~~~~~~~~~~~~~~~~~~^^^^^^^^^
  File "C:\Users\iclou\AppData\Local\Programs\Python\Python313\Lib\encodings\cp1251.py", line 19, in encode
    return codecs.charmap_encode(input,self.errors,encoding_table)[0]
           ~~~~~~~~~~~~~~~~~~~~~^^^^^^^^^^^^^^^^^^^^^^^^^^^^^^^^^^
UnicodeEncodeError: 'charmap' codec can't encode character '\u274c' in position 0: character maps to <undefined>
--- End of logging error ---

═хъюЄюЁ√х ъюьяюэхэЄ√ ЄЁхсє■Є фюЁрсюЄъш!
